Archive member included to satisfy reference by file (symbol)

C:/microchip/xc32/bin/bin/../../lib/gcc/pic32c/13.2.1/../../../../pic32c/lib/thumb/v8-m.base/nofp\libpic32c.a(data_init.o)
                              build/default/production/_ext/1171490990/startup_xc32.o (__pic32c_data_initialization)
C:/microchip/xc32/bin/bin/../../lib/gcc/pic32c/13.2.1/../../../../pic32c/lib/thumb/v8-m.base/nofp\libc-size-musl.a(memcpy.o)
                              build/default/production/_ext/1593096446/plib_nvmctrl.o (memcpy)
C:/microchip/xc32/bin/bin/../../lib/gcc/pic32c/13.2.1/../../../../pic32c/lib/thumb/v8-m.base/nofp\libc-size-musl.a(strlen.o)
                              build/default/production/_ext/1360937237/main.o (strlen)
C:/microchip/xc32/bin/bin/../../lib/gcc/pic32c/13.2.1/../../../../pic32c/lib/thumb/v8-m.base/nofp\libc-musl.a(__libc_start_main.o)
                              build/default/production/_ext/1171490990/startup_xc32.o (__libc_init_array)
C:/microchip/xc32/bin/bin/../../lib/gcc/pic32c/13.2.1/../../../../pic32c/lib/thumb/v8-m.base/nofp\libc-musl.a(libc.o)
                              C:/microchip/xc32/bin/bin/../../lib/gcc/pic32c/13.2.1/../../../../pic32c/lib/thumb/v8-m.base/nofp\libc-musl.a(__libc_start_main.o) (__progname_full)
C:/microchip/xc32/bin/bin/../../lib/gcc/pic32c/13.2.1/../../../../pic32c/lib/thumb/v8-m.base/nofp\libc-musl.a(__sio_sprintf_deEfFgGnu.o)
                              (_sprintf_deEfFgGnu)
C:/microchip/xc32/bin/bin/../../lib/gcc/pic32c/13.2.1/../../../../pic32c/lib/thumb/v8-m.base/nofp\libc-musl.a(__fmt_d.o)
                              C:/microchip/xc32/bin/bin/../../lib/gcc/pic32c/13.2.1/../../../../pic32c/lib/thumb/v8-m.base/nofp\libc-musl.a(__sio_sprintf_deEfFgGnu.o) (__fmt_d_needed)
C:/microchip/xc32/bin/bin/../../lib/gcc/pic32c/13.2.1/../../../../pic32c/lib/thumb/v8-m.base/nofp\libc-musl.a(__fmt_fp.o)
                              C:/microchip/xc32/bin/bin/../../lib/gcc/pic32c/13.2.1/../../../../pic32c/lib/thumb/v8-m.base/nofp\libc-musl.a(__sio_sprintf_deEfFgGnu.o) (__fmt_f_needed)
C:/microchip/xc32/bin/bin/../../lib/gcc/pic32c/13.2.1/../../../../pic32c/lib/thumb/v8-m.base/nofp\libc-musl.a(__fmt_u.o)
                              C:/microchip/xc32/bin/bin/../../lib/gcc/pic32c/13.2.1/../../../../pic32c/lib/thumb/v8-m.base/nofp\libc-musl.a(__sio_sprintf_deEfFgGnu.o) (__fmt_u_needed)
C:/microchip/xc32/bin/bin/../../lib/gcc/pic32c/13.2.1/../../../../pic32c/lib/thumb/v8-m.base/nofp\libc-musl.a(__pop_float.o)
                              C:/microchip/xc32/bin/bin/../../lib/gcc/pic32c/13.2.1/../../../../pic32c/lib/thumb/v8-m.base/nofp\libc-musl.a(__sio_sprintf_deEfFgGnu.o) (__pop_float_needed)
C:/microchip/xc32/bin/bin/../../lib/gcc/pic32c/13.2.1/../../../../pic32c/lib/thumb/v8-m.base/nofp\libc-musl.a(__pop_int.o)
                              C:/microchip/xc32/bin/bin/../../lib/gcc/pic32c/13.2.1/../../../../pic32c/lib/thumb/v8-m.base/nofp\libc-musl.a(__sio_sprintf_deEfFgGnu.o) (__pop_int_needed)
C:/microchip/xc32/bin/bin/../../lib/gcc/pic32c/13.2.1/../../../../pic32c/lib/thumb/v8-m.base/nofp\libc-musl.a(__pop_ptr.o)
                              C:/microchip/xc32/bin/bin/../../lib/gcc/pic32c/13.2.1/../../../../pic32c/lib/thumb/v8-m.base/nofp\libc-musl.a(__sio_sprintf_deEfFgGnu.o) (__pop_ptr_needed)
C:/microchip/xc32/bin/bin/../../lib/gcc/pic32c/13.2.1/../../../../pic32c/lib/thumb/v8-m.base/nofp\libc-musl.a(__printf_core.o)
                              C:/microchip/xc32/bin/bin/../../lib/gcc/pic32c/13.2.1/../../../../pic32c/lib/thumb/v8-m.base/nofp\libc-musl.a(__fmt_d.o) (__pad)
C:/microchip/xc32/bin/bin/../../lib/gcc/pic32c/13.2.1/../../../../pic32c/lib/thumb/v8-m.base/nofp\libc-musl.a(atoi.o)
                              C:/microchip/xc32/bin/bin/../../lib/gcc/pic32c/13.2.1/../../../../pic32c/lib/thumb/v8-m.base/nofp\libc-musl.a(__printf_core.o) (atoi)
C:/microchip/xc32/bin/bin/../../lib/gcc/pic32c/13.2.1/../../../../pic32c/lib/thumb/v8-m.base/nofp\libc-musl.a(tolower.o)
                              C:/microchip/xc32/bin/bin/../../lib/gcc/pic32c/13.2.1/../../../../pic32c/lib/thumb/v8-m.base/nofp\libc-musl.a(__fmt_fp.o) (tolower)
C:/microchip/xc32/bin/bin/../../lib/gcc/pic32c/13.2.1/../../../../pic32c/lib/thumb/v8-m.base/nofp\libc-musl.a(__environ.o)
                              C:/microchip/xc32/bin/bin/../../lib/gcc/pic32c/13.2.1/../../../../pic32c/lib/thumb/v8-m.base/nofp\libc-musl.a(__libc_start_main.o) (__environ)
C:/microchip/xc32/bin/bin/../../lib/gcc/pic32c/13.2.1/../../../../pic32c/lib/thumb/v8-m.base/nofp\libc-musl.a(__errno_location.o)
                              C:/microchip/xc32/bin/bin/../../lib/gcc/pic32c/13.2.1/../../../../pic32c/lib/thumb/v8-m.base/nofp\libc-musl.a(__printf_core.o) (__errno_val)
C:/microchip/xc32/bin/bin/../../lib/gcc/pic32c/13.2.1/../../../../pic32c/lib/thumb/v8-m.base/nofp\libc-musl.a(__int_vsprintf.o)
[...]
Memory Configuration

Name             Origin             Length             Attributes
rom              0x00000000         0x00040000         xrl
rom_nsc          0x0003fe00         0x00000200         xrl
ram              0x20000000         0x00008000         xw!r
config_00804000  0x00804000         0x00000004
config_00804004  0x00804004         0x00000004
config_00804008  0x00804008         0x00000004
config_0080400C  0x0080400c         0x00000004
config_00804010  0x00804010         0x00000004
config_00804014  0x00804014         0x00000004
config_00804018  0x00804018         0x00000004
config_0080401C  0x0080401c         0x00000004
config_00804020  0x00804020         0x00000004
*default*        0x00000000         0xffffffff

Linker script and memory map

LOAD C:/microchip/xc32/bin/bin/../../lib/gcc/pic32c/13.2.1/thumb/v8-m.base/nofp/crti.o
LOAD C:/microchip/xc32/bin/bin/../../lib/gcc/pic32c/13.2.1/thumb/v8-m.base/nofp/crtbegin.o
LOAD build/default/production/_ext/1984496892/plib_clock.o
LOAD build/default/production/_ext/1986646378/plib_evsys.o
LOAD build/default/production/_ext/1865468468/plib_nvic.o
LOAD build/default/production/_ext/1593096446/plib_nvmctrl.o
LOAD build/default/production/_ext/829342769/plib_pm.o
LOAD build/default/production/_ext/1865521619/plib_port.o
LOAD build/default/production/_ext/17022449/plib_sercom1_spi_master.o
LOAD build/default/production/_ext/163028504/xc32_monitor.o
LOAD build/default/production/_ext/1171490990/interrupts.o
LOAD build/default/production/_ext/1171490990/initialization.o
LOAD build/default/production/_ext/1171490990/exceptions.o
LOAD build/default/production/_ext/1171490990/startup_xc32.o
LOAD build/default/production/_ext/1171490990/libc_syscalls.o
LOAD build/default/production/_ext/1903470166/nonsecure_entry.o
LOAD build/default/production/_ext/1360937237/main.o
LOAD build/default/production/_ext/60163342/plib_adc.o
                0x00000001                        __MPLAB_BUILD = 0x1
                0x00040000                        __rom_end = (ORIGIN (rom) + LENGTH (rom))
                0x00040000                        __rom_nsc_end = (ORIGIN (rom_nsc) + LENGTH (rom_nsc))
                0x20008000                        __ram_end = (ORIGIN (ram) + LENGTH (ram))

.config_00804000
                0x00804000        0x4
 *(.config_00804000)
 .config_00804000
                0x00804000        0x4 build/default/production/_ext/1171490990/initialization.o
                0x00804000                __config_00804000

.config_00804004
                0x00804004        0x4
 *(.config_00804004)
 .config_00804004
                0x00804004        0x4 build/default/production/_ext/1171490990/initialization.o
                0x00804004                __config_00804004

.config_00804008
                0x00804008        0x4
 *(.config_00804008)
 .config_00804008
                0x00804008        0x4 build/default/production/_ext/1171490990/initialization.o
                0x00804008                __config_00804008

.config_0080400C
                0x0080400c        0x4
 *(.config_0080400C)
 .config_0080400C
                0x0080400c        0x4 build/default/production/_ext/1171490990/initialization.o
                0x0080400c                __config_0080400C

.config_00804010
                0x00804010        0x4
 *(.config_00804010)
 .config_00804010
                0x00804010        0x4 build/default/production/_ext/1171490990/initialization.o
                0x00804010                __config_00804010

.config_00804014
                0x00804014        0x4
 *(.config_00804014)
 .config_00804014
                0x00804014        0x4 build/default/production/_ext/1171490990/initialization.o
                0x00804014                __config_00804014

.config_00804018
                0x00804018        0x4
 *(.config_00804018)
 .config_00804018
                0x00804018        0x4 build/default/production/_ext/1171490990/initialization.o
                0x00804018                __config_00804018

.config_0080401C
                0x0080401c        0x4
 *(.config_0080401C)
 .config_0080401C
                0x0080401c        0x4 build/default/production/_ext/1171490990/initialization.o
                0x0080401c                __config_0080401C

.config_00804020
                0x00804020        0x4
 *(.config_00804020)
 .config_00804020
                0x00804020        0x4 build/default/production/_ext/1171490990/initialization.o
                0x00804020                __config_00804020

.vectors        0x00000000      0x2b8
                0x00000000                        . = ALIGN (0x4)
                0x00000000                        _sfixed = .
 *(.vectors .vectors.* .vectors_default .vectors_default.*)
 .vectors       0x00000000      0x15c build/default/production/_ext/1171490990/interrupts.o
                0x00000000                exception_table
 .vectors.default
                0x0000015c      0x15c C:\Users\Admin\AppData\Local\Temp\cc51dxx1.o
 *(.isr_vector)
 *(.reset*)
 *(.after_vectors)

.text           0x000002b8       0x30
                0x000002b8                        . = ALIGN (0x4)
 *(.glue_7t)
 .glue_7t       0x000002b8        0x0 linker stubs
 *(.glue_7)
 .glue_7        0x000002b8        0x0 linker stubs
 *veneer.o(.text.*)
 *nonsecure_entry.o(.text.*)
 .text.secure_add
                0x000002b8       0x10 build/default/production/_ext/1903470166/nonsecure_entry.o
                0x000002b8                __acle_se_secure_add
 *(.gnu.linkonce.r.*)
 *(.ARM.extab* .gnu.linkonce.armextab.*)
                0x000002c8                        . = ALIGN (0x4)
 *(.init)
 .init          0x000002c8        0x4 C:/microchip/xc32/bin/bin/../../lib/gcc/pic32c/13.2.1/thumb/v8-m.base/nofp/crti.o
                0x000002c8                _init
 .init          0x000002cc        0x8 C:/microchip/xc32/bin/bin/../../lib/gcc/pic32c/13.2.1/thumb/v8-m.base/nofp/crtn.o
                0x000002d4                        . = ALIGN (0x4)
                0x000002d4                        __preinit_array_start = .
 *(.preinit_array)
                0x000002d4                        __preinit_array_end = .
                0x000002d4                        . = ALIGN (0x4)
                0x000002d4                        __init_array_start = .
 *(SORT_BY_NAME(.init_array.*))
 *(.init_array)
 .init_array    0x000002d4        0x4 C:/microchip/xc32/bin/bin/../../lib/gcc/pic32c/13.2.1/thumb/v8-m.base/nofp/crtbegin.o
                0x000002d8                        __init_array_end = .
                0x000002d8                        . = ALIGN (0x4)
 *crtbegin.o(.ctors)
 *(EXCLUDE_FILE(*crtend.o) .ctors)
 *(SORT_BY_NAME(.ctors.*))
 *crtend.o(.ctors)
                0x000002d8                        . = ALIGN (0x4)
 *(.fini)
 .fini          0x000002d8        0x4 C:/microchip/xc32/bin/bin/../../lib/gcc/pic32c/13.2.1/thumb/v8-m.base/nofp/crti.o
                0x000002d8                _fini
 .fini          0x000002dc        0x8 C:/microchip/xc32/bin/bin/../../lib/gcc/pic32c/13.2.1/thumb/v8-m.base/nofp/crtn.o
                0x000002e4                        . = ALIGN (0x4)
                0x000002e4                        __fini_array_start = .
 *(.fini_array)
 .fini_array    0x000002e4        0x4 C:/microchip/xc32/bin/bin/../../lib/gcc/pic32c/13.2.1/thumb/v8-m.base/nofp/crtbegin.o
 *(SORT_BY_NAME(.fini_array.*))
                0x000002e8                        __fini_array_end = .
 *crtbegin.o(.dtors)
 *(EXCLUDE_FILE(*crtend.o) .dtors)
 *(SORT_BY_NAME(.dtors.*))
 *crtend.o(.dtors)
                0x000002e8                        . = ALIGN (0x4)
                0x000002e8                        _efixed = .
                [!provide]                        PROVIDE (__exidx_start = .)

.ARM.exidx      0x000002e8        0x8
 *(.ARM.exidx* .gnu.linkonce.armexidx.*)
 .ARM.exidx     0x000002e8        0x8 C:/microchip/xc32/bin/bin/../../lib/gcc/pic32c/13.2.1/thumb/v8-m.base/nofp\libgcc.a(_udivmoddi4.o)
                [!provide]                        PROVIDE (__exidx_end = .)
                0x000002f0                        . = ALIGN (0x4)
                0x000002f0                        _etext = .
                0x000002f0                        . = ALIGN (0x4)

.gnu.sgstubs    0x0003fe00       0x20
                0x0003fe00                        _ssgstubs = .
 .gnu.sgstubs.__stub
                0x0003fe00        0x8 linker stubs
                0x0003fe00                secure_add

.bss            0x20000000        0x0
                0x20000000                        . = ALIGN (0x4)
                0x20000000                        __bss_start__ = .
                0x20000000                        _sbss = .
                0x20000000                        _szero = .
 *(COMMON)
                0x20000000                        . = ALIGN (0x4)
                0x20000000                        __bss_end__ = .
                0x20000000                        _ebss = .
                0x20000000                        _ezero = .
                0x20000000                        . = ALIGN (0x4)
                0x20000000                        _end = .
                0x20007fff                        _ram_end_ = ((ORIGIN (ram) + LENGTH (ram)) - 0x1)
                0x00000200                        _min_heap_size = 0x200
LOAD C:\Users\Admin\AppData\Local\Temp\cc51dxx1.o
START GROUP
LOAD C:/microchip/xc32/bin/bin/../../lib/gcc/pic32c/13.2.1/../../../../pic32c/lib/thumb/v8-m.base/nofp\libpic32c.a
LOAD C:/microchip/xc32/bin/bin/../../lib/gcc/pic32c/13.2.1/../../../../pic32c/lib/thumb/v8-m.base/nofp\libc-size-musl.a
LOAD C:/microchip/xc32/bin/bin/../../lib/gcc/pic32c/13.2.1/../../../../pic32c/lib/thumb/v8-m.base/nofp\liblmalloc-musl.a
LOAD C:/microchip/xc32/bin/bin/../../lib/gcc/pic32c/13.2.1/../../../../pic32c/lib/thumb/v8-m.base/nofp\libc-musl.a
LOAD C:/microchip/xc32/bin/bin/../../lib/gcc/pic32c/13.2.1/../../../../pic32c/lib/thumb/v8-m.base/nofp\libm-fast-emfloat.a
LOAD C:/microchip/xc32/bin/bin/../../lib/gcc/pic32c/13.2.1/../../../../pic32c/lib/thumb/v8-m.base/nofp\libm-musl.a
END GROUP
LOAD C:/microchip/xc32/bin/bin/../../lib/gcc/pic32c/13.2.1/thumb/v8-m.base/nofp\libgcc.a
LOAD C:/microchip/xc32/bin/bin/../../lib/gcc/pic32c/13.2.1/thumb/v8-m.base/nofp/crtend.o
LOAD C:/microchip/xc32/bin/bin/../../lib/gcc/pic32c/13.2.1/thumb/v8-m.base/nofp/crtn.o
OUTPUT(dist/default/production/tftdisplay_secure.X.production.elf elf32-littlearm)
LOAD linker stubs
LOAD data_init

.note           0x00000000      0xea0
 .note          0x00000000       0x18 C:/microchip/xc32/bin/bin/../../lib/gcc/pic32c/13.2.1/thumb/v8-m.base/nofp/crti.o
 .note          0x00000018       0x18 C:/microchip/xc32/bin/bin/../../lib/gcc/pic32c/13.2.1/thumb/v8-m.base/nofp/crtbegin.o
 .note          0x00000030       0x18 build/default/production/_ext/1984496892/plib_clock.o
 .note          0x00000048       0x18 build/default/production/_ext/1986646378/plib_evsys.o
 .note          0x00000060       0x18 build/default/production/_ext/1865468468/plib_nvic.o
 .note          0x00000078       0x18 build/default/production/_ext/1593096446/plib_nvmctrl.o
 .note          0x00000090       0x18 build/default/production/_ext/829342769/plib_pm.o
 .note          0x000000a8       0x18 build/default/production/_ext/1865521619/plib_port.o
 .note          0x000000c0       0x18 build/default/production/_ext/17022449/plib_sercom1_spi_master.o
 .note          0x000000d8       0x18 build/default/production/_ext/163028504/xc32_monitor.o
 .note          0x000000f0       0x18 build/default/production/_ext/1171490990/interrupts.o
 .note          0x00000108      0x9d8 build/default/production/_ext/1171490990/initialization.o
 .note          0x00000ae0       0x18 build/default/production/_ext/1171490990/exceptions.o
 .note          0x00000af8       0x18 build/default/production/_ext/1171490990/startup_xc32.o
 .note          0x00000b10       0x18 build/default/production/_ext/1171490990/libc_syscalls.o
 .note          0x00000b28       0x18 build/default/production/_ext/1903470166/nonsecure_entry.o
 .note          0x00000b40       0x18 build/default/production/_ext/1360937237/main.o
 .note          0x00000b58       0x18 build/default/production/_ext/60163342/plib_adc.o
 .note          0x00000b70       0x18 C:\Users\Admin\AppData\Local\Temp\cc51dxx1.o
 .note          0x00000b88       0x18 C:/microchip/xc32/bin/bin/../../lib/gcc/pic32c/13.2.1/../../../../pic32c/lib/thumb/v8-m.base/nofp\libpic32c.a(data_init.o)
 .note          0x00000ba0       0x18 C:/microchip/xc32/bin/bin/../../lib/gcc/pic32c/13.2.1/../../../../pic32c/lib/thumb/v8-m.base/nofp\libc-size-musl.a(memcpy.o)
 .note          0x00000bb8       0x18 C:/microchip/xc32/bin/bin/../../lib/gcc/pic32c/13.2.1/../../../../pic32c/lib/thumb/v8-m.base/nofp\libc-size-musl.a(strlen.o)
 .note          0x00000bd0       0x18 C:/microchip/xc32/bin/bin/../../lib/gcc/pic32c/13.2.1/../../../../pic32c/lib/thumb/v8-m.base/nofp\libc-musl.a(__libc_start_main.o)
 .note          0x00000be8       0x18 C:/microchip/xc32/bin/bin/../../lib/gcc/pic32c/13.2.1/../../../../pic32c/lib/thumb/v8-m.base/nofp\libc-musl.a(libc.o)
 .note          0x00000c00       0x18 C:/microchip/xc32/bin/bin/../../lib/gcc/pic32c/13.2.1/../../../../pic32c/lib/thumb/v8-m.base/nofp\libc-musl.a(__sio_sprintf_deEfFgGnu.o)
 .note          0x00000c18       0x18 C:/microchip/xc32/bin/bin/../../lib/gcc/pic32c/13.2.1/../../../../pic32c/lib/thumb/v8-m.base/nofp\libc-musl.a(__fmt_d.o)
 .note          0x00000c30       0x18 C:/microchip/xc32/bin/bin/../../lib/gcc/pic32c/13.2.1/../../../../pic32c/lib/thumb/v8-m.base/nofp\libc-musl.a(__fmt_fp.o)
 .note          0x00000c48       0x18 C:/microchip/xc32/bin/bin/../../lib/gcc/pic32c/13.2.1/../../../../pic32c/lib/thumb/v8-m.base/nofp\libc-musl.a(__fmt_u.o)
 .note          0x00000c60       0x18 C:/microchip/xc32/bin/bin/../../lib/gcc/pic32c/13.2.1/../../../../pic32c/lib/thumb/v8-m.base/nofp\libc-musl.a(__pop_float.o)
 .note          0x00000c78       0x18 C:/microchip/xc32/bin/bin/../../lib/gcc/pic32c/13.2.1/../../../../pic32c/lib/thumb/v8-m.base/nofp\libc-musl.a(__pop_int.o)
 .note          0x00000c90       0x18 C:/microchip/xc32/bin/bin/../../lib/gcc/pic32c/13.2.1/../../../../pic32c/lib/thumb/v8-m.base/nofp\libc-musl.a(__pop_ptr.o)
 .note          0x00000ca8       0x18 C:/microchip/xc32/bin/bin/../../lib/gcc/pic32c/13.2.1/../../../../pic32c/lib/thumb/v8-m.base/nofp\libc-musl.a(__printf_core.o)
 .note          0x00000cc0       0x18 C:/microchip/xc32/bin/bin/../../lib/gcc/pic32c/13.2.1/../../../../pic32c/lib/thumb/v8-m.base/nofp\libc-musl.a(atoi.o)
 .note          0x00000cd8       0x18 C:/microchip/xc32/bin/bin/../../lib/gcc/pic32c/13.2.1/../../../../pic32c/lib/thumb/v8-m.base/nofp\libc-musl.a(tolower.o)
 .note          0x00000cf0       0x18 C:/microchip/xc32/bin/bin/../../lib/gcc/pic32c/13.2.1/../../../../pic32c/lib/thumb/v8-m.base/nofp\libc-musl.a(__environ.o)
 .note          0x00000d08       0x18 C:/microchip/xc32/bin/bin/../../lib/gcc/pic32c/13.2.1/../../../../pic32c/lib/thumb/v8-m.base/nofp\libc-musl.a(__errno_location.o)
 .note          0x00000d20       0x18 C:/microchip/xc32/bin/bin/../../lib/gcc/pic32c/13.2.1/../../../../pic32c/lib/thumb/v8-m.base/nofp\libc-musl.a(__int_vsprintf.o)
 .note          0x00000d38       0x18 C:/microchip/xc32/bin/bin/../../lib/gcc/pic32c/13.2.1/../../../../pic32c/lib/thumb/v8-m.base/nofp\libc-musl.a(__cvt_u.o)
 .note          0x00000d50       0x18 C:/microchip/xc32/bin/bin/../../lib/gcc/pic32c/13.2.1/../../../../pic32c/lib/thumb/v8-m.base/nofp\libc-musl.a(__int_vsnprintf.o)
 .note          0x00000d68       0x18 C:/microchip/xc32/bin/bin/../../lib/gcc/pic32c/13.2.1/../../../../pic32c/lib/thumb/v8-m.base/nofp\libc-musl.a(__int_vfprintf.o)
 .note          0x00000d80       0x18 C:/microchip/xc32/bin/bin/../../lib/gcc/pic32c/13.2.1/../../../../pic32c/lib/thumb/v8-m.base/nofp\libc-size-musl.a(memset.o)
 .note          0x00000d98       0x18 C:/microchip/xc32/bin/bin/../../lib/gcc/pic32c/13.2.1/../../../../pic32c/lib/thumb/v8-m.base/nofp\libc-size-musl.a(strcpy.o)
 .note          0x00000db0       0x18 C:/microchip/xc32/bin/bin/../../lib/gcc/pic32c/13.2.1/../../../../pic32c/lib/thumb/v8-m.base/nofp\libc-size-musl.a(stpcpy.o)
 .note          0x00000dc8       0x18 C:/microchip/xc32/bin/bin/../../lib/gcc/pic32c/13.2.1/thumb/v8-m.base/nofp\libgcc.a(_thumb1_case_uqi.o)
 .note          0x00000de0       0x18 C:/microchip/xc32/bin/bin/../../lib/gcc/pic32c/13.2.1/thumb/v8-m.base/nofp\libgcc.a(_aeabi_uldivmod.o)
 .note          0x00000df8       0x18 C:/microchip/xc32/bin/bin/../../lib/gcc/pic32c/13.2.1/thumb/v8-m.base/nofp\libgcc.a(_udivmoddi4.o)
 .note          0x00000e10       0x18 C:/microchip/xc32/bin/bin/../../lib/gcc/pic32c/13.2.1/thumb/v8-m.base/nofp\libgcc.a(_dvmd_tls.o)
 .note          0x00000e28       0x18 C:/microchip/xc32/bin/bin/../../lib/gcc/pic32c/13.2.1/thumb/v8-m.base/nofp\libgcc.a(_clzsi2.o)
 .note          0x00000e40       0x18 C:/microchip/xc32/bin/bin/../../lib/gcc/pic32c/13.2.1/thumb/v8-m.base/nofp/crtend.o
 .note          0x00000e58       0x18 C:/microchip/xc32/bin/bin/../../lib/gcc/pic32c/13.2.1/thumb/v8-m.base/nofp/crtn.o
 .note          0x00000e70       0x18 C:/microchip/xc32/bin/bin/../../lib/gcc/pic32c/13.2.1/../../../../pic32c/lib/thumb/v8-m.base/nofp\libpic32c.a(pic32_data_init_clear.o)
 .note          0x00000e88       0x18 C:/microchip/xc32/bin/bin/../../lib/gcc/pic32c/13.2.1/../../../../pic32c/lib/thumb/v8-m.base/nofp\libpic32c.a(pic32_data_init_copy.o)

.ARM.attributes
                0x00000000       0x2e
 .ARM.attributes
                0x00000000       0x22 C:/microchip/xc32/bin/bin/../../lib/gcc/pic32c/13.2.1/thumb/v8-m.base/nofp/crti.o
 .ARM.attributes
                0x00000022       0x30 C:/microchip/xc32/bin/bin/../../lib/gcc/pic32c/13.2.1/thumb/v8-m.base/nofp/crtbegin.o
 .ARM.attributes
                0x00000052       0x30 build/default/production/_ext/1984496892/plib_clock.o
 .ARM.attributes
                0x00000082       0x30 build/default/production/_ext/1986646378/plib_evsys.o
 .ARM.attributes
                0x000000b2       0x30 build/default/production/_ext/1865468468/plib_nvic.o
 .ARM.attributes
                0x000000e2       0x30 build/default/production/_ext/1593096446/plib_nvmctrl.o
 .ARM.attributes
                0x00000112       0x30 build/default/production/_ext/829342769/plib_pm.o
 .ARM.attributes
                0x00000142       0x30 build/default/production/_ext/1865521619/plib_port.o
 .ARM.attributes
                0x00000172       0x30 build/default/production/_ext/17022449/plib_sercom1_spi_master.o
 .ARM.attributes
                0x000001a2       0x30 build/default/production/_ext/1171490990/interrupts.o
 .ARM.attributes
                0x000001d2       0x30 build/default/production/_ext/1171490990/initialization.o
 .ARM.attributes
                0x00000202       0x30 build/default/production/_ext/1171490990/exceptions.o
 .ARM.attributes
                0x00000232       0x30 build/default/production/_ext/1171490990/startup_xc32.o
 .ARM.attributes
                0x00000262       0x30 build/default/production/_ext/1903470166/nonsecure_entry.o
 .ARM.attributes
                0x00000292       0x30 build/default/production/_ext/1360937237/main.o
 .ARM.attributes
                0x000002c2       0x30 build/default/production/_ext/60163342/plib_adc.o
 .ARM.attributes
                0x000002f2       0x30 C:\Users\Admin\AppData\Local\Temp\cc51dxx1.o
 .ARM.attributes
                0x00000322       0x30 C:/microchip/xc32/bin/bin/../../lib/gcc/pic32c/13.2.1/../../../../pic32c/lib/thumb/v8-m.base/nofp\libpic32c.a(data_init.o)
 .ARM.attributes
                0x00000352       0x32 C:/microchip/xc32/bin/bin/../../lib/gcc/pic32c/13.2.1/../../../../pic32c/lib/thumb/v8-m.base/nofp\libc-size-musl.a(memcpy.o)
 .ARM.attributes
                0x00000384       0x32 C:/microchip/xc32/bin/bin/../../lib/gcc/pic32c/13.2.1/../../../../pic32c/lib/thumb/v8-m.base/nofp\libc-size-musl.a(strlen.o)
 .ARM.attributes
                0x000003b6       0x32 C:/microchip/xc32/bin/bin/../../lib/gcc/pic32c/13.2.1/../../../../pic32c/lib/thumb/v8-m.base/nofp\libc-musl.a(__libc_start_main.o)
 .ARM.attributes
                0x000003e8       0x32 C:/microchip/xc32/bin/bin/../../lib/gcc/pic32c/13.2.1/../../../../pic32c/lib/thumb/v8-m.base/nofp\libc-musl.a(libc.o)
 .ARM.attributes
                0x0000041a       0x32 C:/microchip/xc32/bin/bin/../../lib/gcc/pic32c/13.2.1/../../../../pic32c/lib/thumb/v8-m.base/nofp\libc-musl.a(__sio_sprintf_deEfFgGnu.o)
 .ARM.attributes
                0x0000044c       0x32 C:/microchip/xc32/bin/bin/../../lib/gcc/pic32c/13.2.1/../../../../pic32c/lib/thumb/v8-m.base/nofp\libc-musl.a(__fmt_d.o)
 .ARM.attributes
                0x0000047e       0x32 C:/microchip/xc32/bin/bin/../../lib/gcc/pic32c/13.2.1/../../../../pic32c/lib/thumb/v8-m.base/nofp\libc-musl.a(__fmt_fp.o)
 .ARM.attributes
                0x000004b0       0x32 C:/microchip/xc32/bin/bin/../../lib/gcc/pic32c/13.2.1/../../../../pic32c/lib/thumb/v8-m.base/nofp\libc-musl.a(__fmt_u.o)
 .ARM.attributes
                0x000004e2       0x32 C:/microchip/xc32/bin/bin/../../lib/gcc/pic32c/13.2.1/../../../../pic32c/lib/thumb/v8-m.base/nofp\libc-musl.a(__pop_float.o)
 .ARM.attributes
                0x00000514       0x32 C:/microchip/xc32/bin/bin/../../lib/gcc/pic32c/13.2.1/../../../../pic32c/lib/thumb/v8-m.base/nofp\libc-musl.a(__pop_int.o)
 .ARM.attributes
                0x00000546       0x32 C:/microchip/xc32/bin/bin/../../lib/gcc/pic32c/13.2.1/../../../../pic32c/lib/thumb/v8-m.base/nofp\libc-musl.a(__pop_ptr.o)
 .ARM.attributes
                0x00000578       0x32 C:/microchip/xc32/bin/bin/../../lib/gcc/pic32c/13.2.1/../../../../pic32c/lib/thumb/v8-m.base/nofp\libc-musl.a(__printf_core.o)
 .ARM.attributes
                0x000005aa       0x32 C:/microchip/xc32/bin/bin/../../lib/gcc/pic32c/13.2.1/../../../../pic32c/lib/thumb/v8-m.base/nofp\libc-musl.a(atoi.o)
 .ARM.attributes
                0x000005dc       0x32 C:/microchip/xc32/bin/bin/../../lib/gcc/pic32c/13.2.1/../../../../pic32c/lib/thumb/v8-m.base/nofp\libc-musl.a(tolower.o)
 .ARM.attributes
                0x0000060e       0x32 C:/microchip/xc32/bin/bin/../../lib/gcc/pic32c/13.2.1/../../../../pic32c/lib/thumb/v8-m.base/nofp\libc-musl.a(__environ.o)
 .ARM.attributes
                0x00000640       0x32 C:/microchip/xc32/bin/bin/../../lib/gcc/pic32c/13.2.1/../../../../pic32c/lib/thumb/v8-m.base/nofp\libc-musl.a(__errno_location.o)
 .ARM.attributes
                0x00000672       0x32 C:/microchip/xc32/bin/bin/../../lib/gcc/pic32c/13.2.1/../../../../pic32c/lib/thumb/v8-m.base/nofp\libc-musl.a(__int_vsprintf.o)
 .ARM.attributes
                0x000006a4       0x32 C:/microchip/xc32/bin/bin/../../lib/gcc/pic32c/13.2.1/../../../../pic32c/lib/thumb/v8-m.base/nofp\libc-musl.a(__cvt_u.o)
 .ARM.attributes
                0x000006d6       0x32 C:/microchip/xc32/bin/bin/../../lib/gcc/pic32c/13.2.1/../../../../pic32c/lib/thumb/v8-m.base/nofp\libc-musl.a(__int_vsnprintf.o)
 .ARM.attributes
                0x00000708       0x32 C:/microchip/xc32/bin/bin/../../lib/gcc/pic32c/13.2.1/../../../../pic32c/lib/thumb/v8-m.base/nofp\libc-musl.a(__int_vfprintf.o)
 .ARM.attributes
                0x0000073a       0x30 C:/microchip/xc32/bin/bin/../../lib/gcc/pic32c/13.2.1/../../../../pic32c/lib/thumb/v8-m.base/nofp\libm-fast-emfloat.a(fma.o)
 .ARM.attributes
                0x0000076a       0x30 C:/microchip/xc32/bin/bin/../../lib/gcc/pic32c/13.2.1/../../../../pic32c/lib/thumb/v8-m.base/nofp\libm-fast-emfloat.a(floor.o)
 .ARM.attributes
                0x0000079a       0x30 C:/microchip/xc32/bin/bin/../../lib/gcc/pic32c/13.2.1/../../../../pic32c/lib/thumb/v8-m.base/nofp\libm-fast-emfloat.a(log10.o)
 .ARM.attributes
                0x000007ca       0x30 C:/microchip/xc32/bin/bin/../../lib/gcc/pic32c/13.2.1/../../../../pic32c/lib/thumb/v8-m.base/nofp\libm-fast-emfloat.a(pow.o)
 .ARM.attributes
                0x000007fa       0x20 C:/microchip/xc32/bin/bin/../../lib/gcc/pic32c/13.2.1/../../../../pic32c/lib/thumb/v8-m.base/nofp\libm-fast-emfloat.a(__aeabi_fadd.o)
 .ARM.attributes
                0x0000081a       0x20 C:/microchip/xc32/bin/bin/../../lib/gcc/pic32c/13.2.1/../../../../pic32c/lib/thumb/v8-m.base/nofp\libm-fast-emfloat.a(__aeabi_dadd.o)
 .ARM.attributes
                0x0000083a       0x20 C:/microchip/xc32/bin/bin/../../lib/gcc/pic32c/13.2.1/../../../../pic32c/lib/thumb/v8-m.base/nofp\libm-fast-emfloat.a(__aeabi_fsub.o)
 .ARM.attributes
                0x0000085a       0x20 C:/microchip/xc32/bin/bin/../../lib/gcc/pic32c/13.2.1/../../../../pic32c/lib/thumb/v8-m.base/nofp\libm-fast-emfloat.a(__aeabi_dsub.o)
 .ARM.attributes
                0x0000087a       0x20 C:/microchip/xc32/bin/bin/../../lib/gcc/pic32c/13.2.1/../../../../pic32c/lib/thumb/v8-m.base/nofp\libm-fast-emfloat.a(__aeabi_fmul.o)
 .ARM.attributes
                0x0000089a       0x20 C:/microchip/xc32/bin/bin/../../lib/gcc/pic32c/13.2.1/../../../../pic32c/lib/thumb/v8-m.base/nofp\libm-fast-emfloat.a(__aeabi_dmul_aux.o)
 .ARM.attributes
                0x000008ba       0x20 C:/microchip/xc32/bin/bin/../../lib/gcc/pic32c/13.2.1/../../../../pic32c/lib/thumb/v8-m.base/nofp\libm-fast-emfloat.a(__aeabi_fdiv.o)
 .ARM.attributes
                0x000008da       0x20 C:/microchip/xc32/bin/bin/../../lib/gcc/pic32c/13.2.1/../../../../pic32c/lib/thumb/v8-m.base/nofp\libm-fast-emfloat.a(__aeabi_ddiv.o)
 .ARM.attributes
                0x000008fa       0x20 C:/microchip/xc32/bin/bin/../../lib/gcc/pic32c/13.2.1/../../../../pic32c/lib/thumb/v8-m.base/nofp\libm-fast-emfloat.a(__aeabi_fcmple.o)
 .ARM.attributes
                0x0000091a       0x20 C:/microchip/xc32/bin/bin/../../lib/gcc/pic32c/13.2.1/../../../../pic32c/lib/thumb/v8-m.base/nofp\libm-fast-emfloat.a(__aeabi_dcmple.o)
 .ARM.attributes
                0x0000093a       0x20 C:/microchip/xc32/bin/bin/../../lib/gcc/pic32c/13.2.1/../../../../pic32c/lib/thumb/v8-m.base/nofp\libm-fast-emfloat.a(__aeabi_fcmpeq.o)
 .ARM.attributes
                0x0000095a       0x20 C:/microchip/xc32/bin/bin/../../lib/gcc/pic32c/13.2.1/../../../../pic32c/lib/thumb/v8-m.base/nofp\libm-fast-emfloat.a(__aeabi_dcmpeq.o)
 .ARM.attributes
                0x0000097a       0x20 C:/microchip/xc32/bin/bin/../../lib/gcc/pic32c/13.2.1/../../../../pic32c/lib/thumb/v8-m.base/nofp\libm-fast-emfloat.a(__aeabi_fcmpge.o)
 .ARM.attributes
                0x0000099a       0x20 C:/microchip/xc32/bin/bin/../../lib/gcc/pic32c/13.2.1/../../../../pic32c/lib/thumb/v8-m.base/nofp\libm-fast-emfloat.a(__aeabi_fcmpgt.o)
 .ARM.attributes
                0x000009ba       0x20 C:/microchip/xc32/bin/bin/../../lib/gcc/pic32c/13.2.1/../../../../pic32c/lib/thumb/v8-m.base/nofp\libm-fast-emfloat.a(__aeabi_dcmpgt.o)
 .ARM.attributes
                0x000009da       0x20 C:/microchip/xc32/bin/bin/../../lib/gcc/pic32c/13.2.1/../../../../pic32c/lib/thumb/v8-m.base/nofp\libm-fast-emfloat.a(__aeabi_fcmplt.o)
 .ARM.attributes
                0x000009fa       0x20 C:/microchip/xc32/bin/bin/../../lib/gcc/pic32c/13.2.1/../../../../pic32c/lib/thumb/v8-m.base/nofp\libm-fast-emfloat.a(__aeabi_dcmplt.o)
 .ARM.attributes
                0x00000a1a       0x20 C:/microchip/xc32/bin/bin/../../lib/gcc/pic32c/13.2.1/../../../../pic32c/lib/thumb/v8-m.base/nofp\libm-fast-emfloat.a(__aeabi_f2iz.o)
 .ARM.attributes
                0x00000a3a       0x20 C:/microchip/xc32/bin/bin/../../lib/gcc/pic32c/13.2.1/../../../../pic32c/lib/thumb/v8-m.base/nofp\libm-fast-emfloat.a(__aeabi_d2iz.o)
 .ARM.attributes
                0x00000a5a       0x20 C:/microchip/xc32/bin/bin/../../lib/gcc/pic32c/13.2.1/../../../../pic32c/lib/thumb/v8-m.base/nofp\libm-fast-emfloat.a(__aeabi_d2uiz.o)
 .ARM.attributes
                0x00000a7a       0x20 C:/microchip/xc32/bin/bin/../../lib/gcc/pic32c/13.2.1/../../../../pic32c/lib/thumb/v8-m.base/nofp\libm-fast-emfloat.a(__aeabi_i2f.o)
 .ARM.attributes
                0x00000a9a       0x20 C:/microchip/xc32/bin/bin/../../lib/gcc/pic32c/13.2.1/../../../../pic32c/lib/thumb/v8-m.base/nofp\libm-fast-emfloat.a(__aeabi_i2d.o)
 .ARM.attributes
                0x00000aba       0x20 C:/microchip/xc32/bin/bin/../../lib/gcc/pic32c/13.2.1/../../../../pic32c/lib/thumb/v8-m.base/nofp\libm-fast-emfloat.a(__aeabi_ui2f.o)
 .ARM.attributes
                0x00000ada       0x20 C:/microchip/xc32/bin/bin/../../lib/gcc/pic32c/13.2.1/../../../../pic32c/lib/thumb/v8-m.base/nofp\libm-fast-emfloat.a(__aeabi_ui2d.o)
 .ARM.attributes
                0x00000afa       0x20 C:/microchip/xc32/bin/bin/../../lib/gcc/pic32c/13.2.1/../../../../pic32c/lib/thumb/v8-m.base/nofp\libm-fast-emfloat.a(__aeabi_f2d.o)
 .ARM.attributes
                0x00000b1a       0x20 C:/microchip/xc32/bin/bin/../../lib/gcc/pic32c/13.2.1/../../../../pic32c/lib/thumb/v8-m.base/nofp\libm-fast-emfloat.a(__aeabi_d2f.o)
 .ARM.attributes
                0x00000b3a       0x30 C:/microchip/xc32/bin/bin/../../lib/gcc/pic32c/13.2.1/../../../../pic32c/lib/thumb/v8-m.base/nofp\libm-fast-emfloat.a(log.o)
 .ARM.attributes
                0x00000b6a       0x30 C:/microchip/xc32/bin/bin/../../lib/gcc/pic32c/13.2.1/../../../../pic32c/lib/thumb/v8-m.base/nofp\libm-fast-emfloat.a(exp.o)
 .ARM.attributes
                0x00000b9a       0x30 C:/microchip/xc32/bin/bin/../../lib/gcc/pic32c/13.2.1/../../../../pic32c/lib/thumb/v8-m.base/nofp\libm-fast-emfloat.a(__SEGGER_RTL_float64_Log.o)
 .ARM.attributes
                0x00000bca       0x30 C:/microchip/xc32/bin/bin/../../lib/gcc/pic32c/13.2.1/../../../../pic32c/lib/thumb/v8-m.base/nofp\libm-fast-emfloat.a(__SEGGER_RTL_float64_PolyEvalP.o)
 .ARM.attributes
                0x00000bfa       0x30 C:/microchip/xc32/bin/bin/../../lib/gcc/pic32c/13.2.1/../../../../pic32c/lib/thumb/v8-m.base/nofp\libm-fast-emfloat.a(__SEGGER_RTL_float64_PolyEvalQ.o)
 .ARM.attributes
                0x00000c2a       0x30 C:/microchip/xc32/bin/bin/../../lib/gcc/pic32c/13.2.1/../../../../pic32c/lib/thumb/v8-m.base/nofp\libm-fast-emfloat.a(ldexp.o)
 .ARM.attributes
                0x00000c5a       0x30 C:/microchip/xc32/bin/bin/../../lib/gcc/pic32c/13.2.1/../../../../pic32c/lib/thumb/v8-m.base/nofp\libm-fast-emfloat.a(frexp.o)
 .ARM.attributes
                0x00000c8a       0x32 C:/microchip/xc32/bin/bin/../../lib/gcc/pic32c/13.2.1/../../../../pic32c/lib/thumb/v8-m.base/nofp\libc-size-musl.a(memset.o)
 .ARM.attributes
                0x00000cbc       0x32 C:/microchip/xc32/bin/bin/../../lib/gcc/pic32c/13.2.1/../../../../pic32c/lib/thumb/v8-m.base/nofp\libc-size-musl.a(strcpy.o)
 .ARM.attributes
                0x00000cee       0x32 C:/microchip/xc32/bin/bin/../../lib/gcc/pic32c/13.2.1/../../../../pic32c/lib/thumb/v8-m.base/nofp\libc-size-musl.a(stpcpy.o)
 .ARM.attributes
                0x00000d20       0x22 C:/microchip/xc32/bin/bin/../../lib/gcc/pic32c/13.2.1/thumb/v8-m.base/nofp\libgcc.a(_thumb1_case_uqi.o)
 .ARM.attributes
                0x00000d42       0x22 C:/microchip/xc32/bin/bin/../../lib/gcc/pic32c/13.2.1/thumb/v8-m.base/nofp\libgcc.a(_aeabi_uldivmod.o)
 .ARM.attributes
                0x00000d64       0x30 C:/microchip/xc32/bin/bin/../../lib/gcc/pic32c/13.2.1/thumb/v8-m.base/nofp\libgcc.a(_udivmoddi4.o)
 .ARM.attributes
                0x00000d94       0x22 C:/microchip/xc32/bin/bin/../../lib/gcc/pic32c/13.2.1/thumb/v8-m.base/nofp\libgcc.a(_dvmd_tls.o)
 .ARM.attributes
                0x00000db6       0x22 C:/microchip/xc32/bin/bin/../../lib/gcc/pic32c/13.2.1/thumb/v8-m.base/nofp\libgcc.a(_clzsi2.o)
 .ARM.attributes
                0x00000dd8       0x22 C:/microchip/xc32/bin/bin/../../lib/gcc/pic32c/13.2.1/thumb/v8-m.base/nofp/crtn.o
 .ARM.attributes
                0x00000dfa       0x30 C:/microchip/xc32/bin/bin/../../lib/gcc/pic32c/13.2.1/../../../../pic32c/lib/thumb/v8-m.base/nofp\libpic32c.a(pic32_data_init_clear.o)
 .ARM.attributes
                0x00000e2a       0x30 C:/microchip/xc32/bin/bin/../../lib/gcc/pic32c/13.2.1/../../../../pic32c/lib/thumb/v8-m.base/nofp\libpic32c.a(pic32_data_init_copy.o)

.comment        0x00000000       0x35
 .comment       0x00000000       0x35 C:/microchip/xc32/bin/bin/../../lib/gcc/pic32c/13.2.1/thumb/v8-m.base/nofp/crtbegin.o
                                 0x36 (size before relaxing)
 .comment       0x00000035       0x36 build/default/production/_ext/1984496892/plib_clock.o
 .comment       0x00000035       0x36 build/default/production/_ext/1986646378/plib_evsys.o
 .comment       0x00000035       0x36 build/default/production/_ext/1865468468/plib_nvic.o
 .comment       0x00000035       0x36 build/default/production/_ext/1593096446/plib_nvmctrl.o
 .comment       0x00000035       0x36 build/default/production/_ext/829342769/plib_pm.o
 .comment       0x00000035       0x36 build/default/production/_ext/1865521619/plib_port.o
 .comment       0x00000035       0x36 build/default/production/_ext/17022449/plib_sercom1_spi_master.o
 .comment       0x00000035       0x36 build/default/production/_ext/1171490990/interrupts.o
 .comment       0x00000035       0x36 build/default/production/_ext/1171490990/initialization.o
 .comment       0x00000035       0x36 build/default/production/_ext/1171490990/exceptions.o
 .comment       0x00000035       0x36 build/default/production/_ext/1171490990/startup_xc32.o
 .comment       0x00000035       0x36 build/default/production/_ext/1903470166/nonsecure_entry.o
 .comment       0x00000035       0x36 build/default/production/_ext/1360937237/main.o
 .comment       0x00000035       0x36 build/default/production/_ext/60163342/plib_adc.o
 .comment       0x00000035       0x36 C:\Users\Admin\AppData\Local\Temp\cc51dxx1.o
 .comment       0x00000035       0x36 C:/microchip/xc32/bin/bin/../../lib/gcc/pic32c/13.2.1/../../../../pic32c/lib/thumb/v8-m.base/nofp\libpic32c.a(data_init.o)
 .comment       0x00000035       0x36 C:/microchip/xc32/bin/bin/../../lib/gcc/pic32c/13.2.1/../../../../pic32c/lib/thumb/v8-m.base/nofp\libc-size-musl.a(memcpy.o)
 .comment       0x00000035       0x36 C:/microchip/xc32/bin/bin/../../lib/gcc/pic32c/13.2.1/../../../../pic32c/lib/thumb/v8-m.base/nofp\libc-size-musl.a(strlen.o)
 .comment       0x00000035       0x36 C:/microchip/xc32/bin/bin/../../lib/gcc/pic32c/13.2.1/../../../../pic32c/lib/thumb/v8-m.base/nofp\libc-musl.a(__libc_start_main.o)
 .comment       0x00000035       0x36 C:/microchip/xc32/bin/bin/../../lib/gcc/pic32c/13.2.1/../../../../pic32c/lib/thumb/v8-m.base/nofp\libc-musl.a(libc.o)
 .comment       0x00000035       0x36 C:/microchip/xc32/bin/bin/../../lib/gcc/pic32c/13.2.1/../../../../pic32c/lib/thumb/v8-m.base/nofp\libc-musl.a(__sio_sprintf_deEfFgGnu.o)
 .comment       0x00000035       0x36 C:/microchip/xc32/bin/bin/../../lib/gcc/pic32c/13.2.1/../../../../pic32c/lib/thumb/v8-m.base/nofp\libc-musl.a(__fmt_d.o)
 .comment       0x00000035       0x36 C:/microchip/xc32/bin/bin/../../lib/gcc/pic32c/13.2.1/../../../../pic32c/lib/thumb/v8-m.base/nofp\libc-musl.a(__fmt_fp.o)
 .comment       0x00000035       0x36 C:/microchip/xc32/bin/bin/../../lib/gcc/pic32c/13.2.1/../../../../pic32c/lib/thumb/v8-m.base/nofp\libc-musl.a(__fmt_u.o)
 .comment       0x00000035       0x36 C:/microchip/xc32/bin/bin/../../lib/gcc/pic32c/13.2.1/../../../../pic32c/lib/thumb/v8-m.base/nofp\libc-musl.a(__pop_float.o)
 .comment       0x00000035       0x36 C:/microchip/xc32/bin/bin/../../lib/gcc/pic32c/13.2.1/../../../../pic32c/lib/thumb/v8-m.base/nofp\libc-musl.a(__pop_int.o)
 .comment       0x00000035       0x36 C:/microchip/xc32/bin/bin/../../lib/gcc/pic32c/13.2.1/../../../../pic32c/lib/thumb/v8-m.base/nofp\libc-musl.a(__pop_ptr.o)
 .comment       0x00000035       0x36 C:/microchip/xc32/bin/bin/../../lib/gcc/pic32c/13.2.1/../../../../pic32c/lib/thumb/v8-m.base/nofp\libc-musl.a(__printf_core.o)
 .comment       0x00000035       0x36 C:/microchip/xc32/bin/bin/../../lib/gcc/pic32c/13.2.1/../../../../pic32c/lib/thumb/v8-m.base/nofp\libc-musl.a(atoi.o)
 .comment       0x00000035       0x36 C:/microchip/xc32/bin/bin/../../lib/gcc/pic32c/13.2.1/../../../../pic32c/lib/thumb/v8-m.base/nofp\libc-musl.a(tolower.o)
 .comment       0x00000035       0x36 C:/microchip/xc32/bin/bin/../../lib/gcc/pic32c/13.2.1/../../../../pic32c/lib/thumb/v8-m.base/nofp\libc-musl.a(__environ.o)
 .comment       0x00000035       0x36 C:/microchip/xc32/bin/bin/../../lib/gcc/pic32c/13.2.1/../../../../pic32c/lib/thumb/v8-m.base/nofp\libc-musl.a(__errno_location.o)
 .comment       0x00000035       0x36 C:/microchip/xc32/bin/bin/../../lib/gcc/pic32c/13.2.1/../../../../pic32c/lib/thumb/v8-m.base/nofp\libc-musl.a(__int_vsprintf.o)
 .comment       0x00000035       0x36 C:/microchip/xc32/bin/bin/../../lib/gcc/pic32c/13.2.1/../../../../pic32c/lib/thumb/v8-m.base/nofp\libc-musl.a(__cvt_u.o)
 .comment       0x00000035       0x36 C:/microchip/xc32/bin/bin/../../lib/gcc/pic32c/13.2.1/../../../../pic32c/lib/thumb/v8-m.base/nofp\libc-musl.a(__int_vsnprintf.o)
 .comment       0x00000035       0x36 C:/microchip/xc32/bin/bin/../../lib/gcc/pic32c/13.2.1/../../../../pic32c/lib/thumb/v8-m.base/nofp\libc-musl.a(__int_vfprintf.o)
 .comment       0x00000035       0x36 C:/microchip/xc32/bin/bin/../../lib/gcc/pic32c/13.2.1/../../../../pic32c/lib/thumb/v8-m.base/nofp\libm-fast-emfloat.a(fma.o)
 .comment       0x00000035       0x36 C:/microchip/xc32/bin/bin/../../lib/gcc/pic32c/13.2.1/../../../../pic32c/lib/thumb/v8-m.base/nofp\libm-fast-emfloat.a(floor.o)
 .comment       0x00000035       0x36 C:/microchip/xc32/bin/bin/../../lib/gcc/pic32c/13.2.1/../../../../pic32c/lib/thumb/v8-m.base/nofp\libm-fast-emfloat.a(log10.o)
 .comment       0x00000035       0x36 C:/microchip/xc32/bin/bin/../../lib/gcc/pic32c/13.2.1/../../../../pic32c/lib/thumb/v8-m.base/nofp\libm-fast-emfloat.a(pow.o)
 .comment       0x00000035       0x36 C:/microchip/xc32/bin/bin/../../lib/gcc/pic32c/13.2.1/../../../../pic32c/lib/thumb/v8-m.base/nofp\libm-fast-emfloat.a(log.o)
 .comment       0x00000035       0x36 C:/microchip/xc32/bin/bin/../../lib/gcc/pic32c/13.2.1/../../../../pic32c/lib/thumb/v8-m.base/nofp\libm-fast-emfloat.a(exp.o)
 .comment       0x00000035       0x36 C:/microchip/xc32/bin/bin/../../lib/gcc/pic32c/13.2.1/../../../../pic32c/lib/thumb/v8-m.base/nofp\libm-fast-emfloat.a(__SEGGER_RTL_float64_Log.o)
 .comment       0x00000035       0x36 C:/microchip/xc32/bin/bin/../../lib/gcc/pic32c/13.2.1/../../../../pic32c/lib/thumb/v8-m.base/nofp\libm-fast-emfloat.a(__SEGGER_RTL_float64_PolyEvalP.o)
 .comment       0x00000035       0x36 C:/microchip/xc32/bin/bin/../../lib/gcc/pic32c/13.2.1/../../../../pic32c/lib/thumb/v8-m.base/nofp\libm-fast-emfloat.a(__SEGGER_RTL_float64_PolyEvalQ.o)
 .comment       0x00000035       0x36 C:/microchip/xc32/bin/bin/../../lib/gcc/pic32c/13.2.1/../../../../pic32c/lib/thumb/v8-m.base/nofp\libm-fast-emfloat.a(ldexp.o)
 .comment       0x00000035       0x36 C:/microchip/xc32/bin/bin/../../lib/gcc/pic32c/13.2.1/../../../../pic32c/lib/thumb/v8-m.base/nofp\libm-fast-emfloat.a(frexp.o)
 .comment       0x00000035       0x36 C:/microchip/xc32/bin/bin/../../lib/gcc/pic32c/13.2.1/../../../../pic32c/lib/thumb/v8-m.base/nofp\libc-size-musl.a(memset.o)
 .comment       0x00000035       0x36 C:/microchip/xc32/bin/bin/../../lib/gcc/pic32c/13.2.1/../../../../pic32c/lib/thumb/v8-m.base/nofp\libc-size-musl.a(strcpy.o)
 .comment       0x00000035       0x36 C:/microchip/xc32/bin/bin/../../lib/gcc/pic32c/13.2.1/../../../../pic32c/lib/thumb/v8-m.base/nofp\libc-size-musl.a(stpcpy.o)
 .comment       0x00000035       0x36 C:/microchip/xc32/bin/bin/../../lib/gcc/pic32c/13.2.1/thumb/v8-m.base/nofp\libgcc.a(_udivmoddi4.o)
 .comment       0x00000035       0x36 C:/microchip/xc32/bin/bin/../../lib/gcc/pic32c/13.2.1/../../../../pic32c/lib/thumb/v8-m.base/nofp\libpic32c.a(pic32_data_init_clear.o)
 .comment       0x00000035       0x36 C:/microchip/xc32/bin/bin/../../lib/gcc/pic32c/13.2.1/../../../../pic32c/lib/thumb/v8-m.base/nofp\libpic32c.a(pic32_data_init_copy.o)

.debug_info     0x00000000     0xfcd6
 .debug_info    0x00000000      0x6b7 build/default/production/_ext/1984496892/plib_clock.o
 .debug_info    0x000006b7       0x9b build/default/production/_ext/1986646378/plib_evsys.o
 .debug_info    0x00000752      0x9b9 build/default/production/_ext/1865468468/plib_nvic.o
 .debug_info    0x0000110b      0x89b build/default/production/_ext/1593096446/plib_nvmctrl.o
 .debug_info    0x000019a6      0x236 build/default/production/_ext/829342769/plib_pm.o
 .debug_info    0x00001bdc      0x6cc build/default/production/_ext/1865521619/plib_port.o
 .debug_info    0x000022a8     0x1106 build/default/production/_ext/17022449/plib_sercom1_spi_master.o
 .debug_info    0x000033ae      0x6a8 build/default/production/_ext/1171490990/interrupts.o
 .debug_info    0x00003a56     0x1188 build/default/production/_ext/1171490990/initialization.o
 .debug_info    0x00004bde      0x116 build/default/production/_ext/1171490990/exceptions.o
 .debug_info    0x00004cf4      0x200 build/default/production/_ext/1171490990/startup_xc32.o
 .debug_info    0x00004ef4       0x82 build/default/production/_ext/1903470166/nonsecure_entry.o
 .debug_info    0x00004f76     0x653d build/default/production/_ext/1360937237/main.o
 .debug_info    0x0000b4b3      0x643 build/default/production/_ext/60163342/plib_adc.o
 .debug_info    0x0000baf6      0x212 C:/microchip/xc32/bin/bin/../../lib/gcc/pic32c/13.2.1/../../../../pic32c/lib/thumb/v8-m.base/nofp\libpic32c.a(data_init.o)
 .debug_info    0x0000bd08       0xed C:/microchip/xc32/bin/bin/../../lib/gcc/pic32c/13.2.1/../../../../pic32c/lib/thumb/v8-m.base/nofp\libc-size-musl.a(memcpy.o)
 .debug_info    0x0000bdf5       0xab C:/microchip/xc32/bin/bin/../../lib/gcc/pic32c/13.2.1/../../../../pic32c/lib/thumb/v8-m.base/nofp\libc-size-musl.a(strlen.o)
 .debug_info    0x0000bea0      0x2fb C:/microchip/xc32/bin/bin/../../lib/gcc/pic32c/13.2.1/../../../../pic32c/lib/thumb/v8-m.base/nofp\libc-musl.a(__libc_start_main.o)
 .debug_info    0x0000c19b      0x276 C:/microchip/xc32/bin/bin/../../lib/gcc/pic32c/13.2.1/../../../../pic32c/lib/thumb/v8-m.base/nofp\libc-musl.a(libc.o)
 .debug_info    0x0000c411      0x1fd C:/microchip/xc32/bin/bin/../../lib/gcc/pic32c/13.2.1/../../../../pic32c/lib/thumb/v8-m.base/nofp\libc-musl.a(__sio_sprintf_deEfFgGnu.o)
 .debug_info    0x0000c60e      0x374 C:/microchip/xc32/bin/bin/../../lib/gcc/pic32c/13.2.1/../../../../pic32c/lib/thumb/v8-m.base/nofp\libc-musl.a(__fmt_d.o)
 .debug_info    0x0000c982      0x7e2 C:/microchip/xc32/bin/bin/../../lib/gcc/pic32c/13.2.1/../../../../pic32c/lib/thumb/v8-m.base/nofp\libc-musl.a(__fmt_fp.o)
 .debug_info    0x0000d164      0x345 C:/microchip/xc32/bin/bin/../../lib/gcc/pic32c/13.2.1/../../../../pic32c/lib/thumb/v8-m.base/nofp\libc-musl.a(__fmt_u.o)
 .debug_info    0x0000d4a9      0x163 C:/microchip/xc32/bin/bin/../../lib/gcc/pic32c/13.2.1/../../../../pic32c/lib/thumb/v8-m.base/nofp\libc-musl.a(__pop_float.o)
 .debug_info    0x0000d60c      0x183 C:/microchip/xc32/bin/bin/../../lib/gcc/pic32c/13.2.1/../../../../pic32c/lib/thumb/v8-m.base/nofp\libc-musl.a(__pop_int.o)
 .debug_info    0x0000d78f      0x18d C:/microchip/xc32/bin/bin/../../lib/gcc/pic32c/13.2.1/../../../../pic32c/lib/thumb/v8-m.base/nofp\libc-musl.a(__pop_ptr.o)
 .debug_info    0x0000d91c      0xb29 C:/microchip/xc32/bin/bin/../../lib/gcc/pic32c/13.2.1/../../../../pic32c/lib/thumb/v8-m.base/nofp\libc-musl.a(__printf_core.o)
 .debug_info    0x0000e445       0xf4 C:/microchip/xc32/bin/bin/../../lib/gcc/pic32c/13.2.1/../../../../pic32c/lib/thumb/v8-m.base/nofp\libc-musl.a(atoi.o)
 .debug_info    0x0000e539      0x13e C:/microchip/xc32/bin/bin/../../lib/gcc/pic32c/13.2.1/../../../../pic32c/lib/thumb/v8-m.base/nofp\libc-musl.a(tolower.o)
 .debug_info    0x0000e677       0x97 C:/microchip/xc32/bin/bin/../../lib/gcc/pic32c/13.2.1/../../../../pic32c/lib/thumb/v8-m.base/nofp\libc-musl.a(__environ.o)
 .debug_info    0x0000e70e       0x5b C:/microchip/xc32/bin/bin/../../lib/gcc/pic32c/13.2.1/../../../../pic32c/lib/thumb/v8-m.base/nofp\libc-musl.a(__errno_location.o)
 .debug_info    0x0000e769      0x179 C:/microchip/xc32/bin/bin/../../lib/gcc/pic32c/13.2.1/../../../../pic32c/lib/thumb/v8-m.base/nofp\libc-musl.a(__int_vsprintf.o)
 .debug_info    0x0000e8e2      0x1e3 C:/microchip/xc32/bin/bin/../../lib/gcc/pic32c/13.2.1/../../../../pic32c/lib/thumb/v8-m.base/nofp\libc-musl.a(__cvt_u.o)
 .debug_info    0x0000eac5      0x237 C:/microchip/xc32/bin/bin/../../lib/gcc/pic32c/13.2.1/../../../../pic32c/lib/thumb/v8-m.base/nofp\libc-musl.a(__int_vsnprintf.o)
 .debug_info    0x0000ecfc      0x21c C:/microchip/xc32/bin/bin/../../lib/gcc/pic32c/13.2.1/../../../../pic32c/lib/thumb/v8-m.base/nofp\libc-musl.a(__int_vfprintf.o)
 .debug_info    0x0000ef18       0xc2 C:/microchip/xc32/bin/bin/../../lib/gcc/pic32c/13.2.1/../../../../pic32c/lib/thumb/v8-m.base/nofp\libc-size-musl.a(memset.o)
 .debug_info    0x0000efda       0xdd C:/microchip/xc32/bin/bin/../../lib/gcc/pic32c/13.2.1/../../../../pic32c/lib/thumb/v8-m.base/nofp\libc-size-musl.a(strcpy.o)
 .debug_info    0x0000f0b7       0xb3 C:/microchip/xc32/bin/bin/../../lib/gcc/pic32c/13.2.1/../../../../pic32c/lib/thumb/v8-m.base/nofp\libc-size-musl.a(stpcpy.o)
 .debug_info    0x0000f16a       0x35 C:/microchip/xc32/bin/bin/../../lib/gcc/pic32c/13.2.1/thumb/v8-m.base/nofp\libgcc.a(_thumb1_case_uqi.o)
 .debug_info    0x0000f19f       0x35 C:/microchip/xc32/bin/bin/../../lib/gcc/pic32c/13.2.1/thumb/v8-m.base/nofp\libgcc.a(_aeabi_uldivmod.o)
 .debug_info    0x0000f1d4      0x849 C:/microchip/xc32/bin/bin/../../lib/gcc/pic32c/13.2.1/thumb/v8-m.base/nofp\libgcc.a(_udivmoddi4.o)
 .debug_info    0x0000fa1d       0x41 C:/microchip/xc32/bin/bin/../../lib/gcc/pic32c/13.2.1/thumb/v8-m.base/nofp\libgcc.a(_dvmd_tls.o)
 .debug_info    0x0000fa5e       0x35 C:/microchip/xc32/bin/bin/../../lib/gcc/pic32c/13.2.1/thumb/v8-m.base/nofp\libgcc.a(_clzsi2.o)
 .debug_info    0x0000fa93      0x117 C:/microchip/xc32/bin/bin/../../lib/gcc/pic32c/13.2.1/../../../../pic32c/lib/thumb/v8-m.base/nofp\libpic32c.a(pic32_data_init_clear.o)
 .debug_info    0x0000fbaa      0x12c C:/microchip/xc32/bin/bin/../../lib/gcc/pic32c/13.2.1/../../../../pic32c/lib/thumb/v8-m.base/nofp\libpic32c.a(pic32_data_init_copy.o)

.debug_abbrev   0x00000000     0x3278
 .debug_abbrev  0x00000000      0x142 build/default/production/_ext/1984496892/plib_clock.o
 .debug_abbrev  0x00000142       0x46 build/default/production/_ext/1986646378/plib_evsys.o
 .debug_abbrev  0x00000188      0x24c build/default/production/_ext/1865468468/plib_nvic.o
 .debug_abbrev  0x000003d4      0x1ee build/default/production/_ext/1593096446/plib_nvmctrl.o
 .debug_abbrev  0x000005c2      0x106 build/default/production/_ext/829342769/plib_pm.o
 .debug_abbrev  0x000006c8      0x1ea build/default/production/_ext/1865521619/plib_port.o
 .debug_abbrev  0x000008b2      0x276 build/default/production/_ext/17022449/plib_sercom1_spi_master.o
 .debug_abbrev  0x00000b28       0xd3 build/default/production/_ext/1171490990/interrupts.o
 .debug_abbrev  0x00000bfb      0x190 build/default/production/_ext/1171490990/initialization.o
 .debug_abbrev  0x00000d8b       0x49 build/default/production/_ext/1171490990/exceptions.o
 .debug_abbrev  0x00000dd4      0x12c build/default/production/_ext/1171490990/startup_xc32.o
 .debug_abbrev  0x00000f00       0x5e build/default/production/_ext/1903470166/nonsecure_entry.o
 .debug_abbrev  0x00000f5e      0x525 build/default/production/_ext/1360937237/main.o
 .debug_abbrev  0x00001483      0x172 build/default/production/_ext/60163342/plib_adc.o
 .debug_abbrev  0x000015f5      0x156 C:/microchip/xc32/bin/bin/../../lib/gcc/pic32c/13.2.1/../../../../pic32c/lib/thumb/v8-m.base/nofp\libpic32c.a(data_init.o)
 .debug_abbrev  0x0000174b       0xbb C:/microchip/xc32/bin/bin/../../lib/gcc/pic32c/13.2.1/../../../../pic32c/lib/thumb/v8-m.base/nofp\libc-size-musl.a(memcpy.o)
 .debug_abbrev  0x00001806       0x91 C:/microchip/xc32/bin/bin/../../lib/gcc/pic32c/13.2.1/../../../../pic32c/lib/thumb/v8-m.base/nofp\libc-size-musl.a(strlen.o)
 .debug_abbrev  0x00001897      0x133 C:/microchip/xc32/bin/bin/../../lib/gcc/pic32c/13.2.1/../../../../pic32c/lib/thumb/v8-m.base/nofp\libc-musl.a(__libc_start_main.o)
 .debug_abbrev  0x000019ca       0xd4 C:/microchip/xc32/bin/bin/../../lib/gcc/pic32c/13.2.1/../../../../pic32c/lib/thumb/v8-m.base/nofp\libc-musl.a(libc.o)
 .debug_abbrev  0x00001a9e      0x146 C:/microchip/xc32/bin/bin/../../lib/gcc/pic32c/13.2.1/../../../../pic32c/lib/thumb/v8-m.base/nofp\libc-musl.a(__sio_sprintf_deEfFgGnu.o)
 .debug_abbrev  0x00001be4      0x16b C:/microchip/xc32/bin/bin/../../lib/gcc/pic32c/13.2.1/../../../../pic32c/lib/thumb/v8-m.base/nofp\libc-musl.a(__fmt_d.o)
 .debug_abbrev  0x00001d4f      0x1ee C:/microchip/xc32/bin/bin/../../lib/gcc/pic32c/13.2.1/../../../../pic32c/lib/thumb/v8-m.base/nofp\libc-musl.a(__fmt_fp.o)
 .debug_abbrev  0x00001f3d      0x16b C:/microchip/xc32/bin/bin/../../lib/gcc/pic32c/13.2.1/../../../../pic32c/lib/thumb/v8-m.base/nofp\libc-musl.a(__fmt_u.o)
 .debug_abbrev  0x000020a8       0xdc C:/microchip/xc32/bin/bin/../../lib/gcc/pic32c/13.2.1/../../../../pic32c/lib/thumb/v8-m.base/nofp\libc-musl.a(__pop_float.o)
 .debug_abbrev  0x00002184       0xdc C:/microchip/xc32/bin/bin/../../lib/gcc/pic32c/13.2.1/../../../../pic32c/lib/thumb/v8-m.base/nofp\libc-musl.a(__pop_int.o)
 .debug_abbrev  0x00002260       0xdc C:/microchip/xc32/bin/bin/../../lib/gcc/pic32c/13.2.1/../../../../pic32c/lib/thumb/v8-m.base/nofp\libc-musl.a(__pop_ptr.o)
 .debug_abbrev  0x0000233c      0x324 C:/microchip/xc32/bin/bin/../../lib/gcc/pic32c/13.2.1/../../../../pic32c/lib/thumb/v8-m.base/nofp\libc-musl.a(__printf_core.o)
 .debug_abbrev  0x00002660       0xc6 C:/microchip/xc32/bin/bin/../../lib/gcc/pic32c/13.2.1/../../../../pic32c/lib/thumb/v8-m.base/nofp\libc-musl.a(atoi.o)
 .debug_abbrev  0x00002726       0xf4 C:/microchip/xc32/bin/bin/../../lib/gcc/pic32c/13.2.1/../../../../pic32c/lib/thumb/v8-m.base/nofp\libc-musl.a(tolower.o)
 .debug_abbrev  0x0000281a       0x62 C:/microchip/xc32/bin/bin/../../lib/gcc/pic32c/13.2.1/../../../../pic32c/lib/thumb/v8-m.base/nofp\libc-musl.a(__environ.o)
 .debug_abbrev  0x0000287c       0x39 C:/microchip/xc32/bin/bin/../../lib/gcc/pic32c/13.2.1/../../../../pic32c/lib/thumb/v8-m.base/nofp\libc-musl.a(__errno_location.o)
 .debug_abbrev  0x000028b5       0xd3 C:/microchip/xc32/bin/bin/../../lib/gcc/pic32c/13.2.1/../../../../pic32c/lib/thumb/v8-m.base/nofp\libc-musl.a(__int_vsprintf.o)
 .debug_abbrev  0x00002988      0x10c C:/microchip/xc32/bin/bin/../../lib/gcc/pic32c/13.2.1/../../../../pic32c/lib/thumb/v8-m.base/nofp\libc-musl.a(__cvt_u.o)
 .debug_abbrev  0x00002a94      0x15c C:/microchip/xc32/bin/bin/../../lib/gcc/pic32c/13.2.1/../../../../pic32c/lib/thumb/v8-m.base/nofp\libc-musl.a(__int_vsnprintf.o)
 .debug_abbrev  0x00002bf0      0x13a C:/microchip/xc32/bin/bin/../../lib/gcc/pic32c/13.2.1/../../../../pic32c/lib/thumb/v8-m.base/nofp\libc-musl.a(__int_vfprintf.o)
 .debug_abbrev  0x00002d2a       0xa2 C:/microchip/xc32/bin/bin/../../lib/gcc/pic32c/13.2.1/../../../../pic32c/lib/thumb/v8-m.base/nofp\libc-size-musl.a(memset.o)
 .debug_abbrev  0x00002dcc       0xb5 C:/microchip/xc32/bin/bin/../../lib/gcc/pic32c/13.2.1/../../../../pic32c/lib/thumb/v8-m.base/nofp\libc-size-musl.a(strcpy.o)
 .debug_abbrev  0x00002e81       0x6e C:/microchip/xc32/bin/bin/../../lib/gcc/pic32c/13.2.1/../../../../pic32c/lib/thumb/v8-m.base/nofp\libc-size-musl.a(stpcpy.o)
 .debug_abbrev  0x00002eef       0x21 C:/microchip/xc32/bin/bin/../../lib/gcc/pic32c/13.2.1/thumb/v8-m.base/nofp\libgcc.a(_thumb1_case_uqi.o)
 .debug_abbrev  0x00002f10       0x21 C:/microchip/xc32/bin/bin/../../lib/gcc/pic32c/13.2.1/thumb/v8-m.base/nofp\libgcc.a(_aeabi_uldivmod.o)
 .debug_abbrev  0x00002f31      0x1a9 C:/microchip/xc32/bin/bin/../../lib/gcc/pic32c/13.2.1/thumb/v8-m.base/nofp\libgcc.a(_udivmoddi4.o)
 .debug_abbrev  0x000030da       0x1f C:/microchip/xc32/bin/bin/../../lib/gcc/pic32c/13.2.1/thumb/v8-m.base/nofp\libgcc.a(_dvmd_tls.o)
 .debug_abbrev  0x000030f9       0x21 C:/microchip/xc32/bin/bin/../../lib/gcc/pic32c/13.2.1/thumb/v8-m.base/nofp\libgcc.a(_clzsi2.o)
 .debug_abbrev  0x0000311a       0xa5 C:/microchip/xc32/bin/bin/../../lib/gcc/pic32c/13.2.1/../../../../pic32c/lib/thumb/v8-m.base/nofp\libpic32c.a(pic32_data_init_clear.o)
 .debug_abbrev  0x000031bf       0xb9 C:/microchip/xc32/bin/bin/../../lib/gcc/pic32c/13.2.1/../../../../pic32c/lib/thumb/v8-m.base/nofp\libpic32c.a(pic32_data_init_copy.o)

.debug_loc      0x00000000     0x92a9
 .debug_loc     0x00000000       0x20 build/default/production/_ext/1984496892/plib_clock.o
 .debug_loc     0x00000020      0x24d build/default/production/_ext/1865468468/plib_nvic.o
 .debug_loc     0x0000026d      0x652 build/default/production/_ext/1593096446/plib_nvmctrl.o
 .debug_loc     0x000008bf       0x69 build/default/production/_ext/829342769/plib_pm.o
 .debug_loc     0x00000928      0x2b8 build/default/production/_ext/1865521619/plib_port.o
 .debug_loc     0x00000be0      0x6eb build/default/production/_ext/17022449/plib_sercom1_spi_master.o
 .debug_loc     0x000012cb      0x118 build/default/production/_ext/1171490990/initialization.o
 .debug_loc     0x000013e3       0x20 build/default/production/_ext/1171490990/startup_xc32.o
 .debug_loc     0x00001403       0x56 build/default/production/_ext/1903470166/nonsecure_entry.o
 .debug_loc     0x00001459     0x44ce build/default/production/_ext/1360937237/main.o
 .debug_loc     0x00005927      0x194 build/default/production/_ext/60163342/plib_adc.o
 .debug_loc     0x00005abb      0x113 C:/microchip/xc32/bin/bin/../../lib/gcc/pic32c/13.2.1/../../../../pic32c/lib/thumb/v8-m.base/nofp\libpic32c.a(data_init.o)
 .debug_loc     0x00005bce      0x12d C:/microchip/xc32/bin/bin/../../lib/gcc/pic32c/13.2.1/../../../../pic32c/lib/thumb/v8-m.base/nofp\libc-size-musl.a(memcpy.o)
 .debug_loc     0x00005cfb       0x93 C:/microchip/xc32/bin/bin/../../lib/gcc/pic32c/13.2.1/../../../../pic32c/lib/thumb/v8-m.base/nofp\libc-size-musl.a(strlen.o)
 .debug_loc     0x00005d8e       0x5e C:/microchip/xc32/bin/bin/../../lib/gcc/pic32c/13.2.1/../../../../pic32c/lib/thumb/v8-m.base/nofp\libc-musl.a(__libc_start_main.o)
 .debug_loc     0x00005dec       0x8c C:/microchip/xc32/bin/bin/../../lib/gcc/pic32c/13.2.1/../../../../pic32c/lib/thumb/v8-m.base/nofp\libc-musl.a(__sio_sprintf_deEfFgGnu.o)
 .debug_loc     0x00005e78      0x2b3 C:/microchip/xc32/bin/bin/../../lib/gcc/pic32c/13.2.1/../../../../pic32c/lib/thumb/v8-m.base/nofp\libc-musl.a(__fmt_d.o)
 .debug_loc     0x0000612b      0xc1e C:/microchip/xc32/bin/bin/../../lib/gcc/pic32c/13.2.1/../../../../pic32c/lib/thumb/v8-m.base/nofp\libc-musl.a(__fmt_fp.o)
 .debug_loc     0x00006d49      0x13e C:/microchip/xc32/bin/bin/../../lib/gcc/pic32c/13.2.1/../../../../pic32c/lib/thumb/v8-m.base/nofp\libc-musl.a(__fmt_u.o)
 .debug_loc     0x00006e87       0xfb C:/microchip/xc32/bin/bin/../../lib/gcc/pic32c/13.2.1/../../../../pic32c/lib/thumb/v8-m.base/nofp\libc-musl.a(__pop_float.o)
 .debug_loc     0x00006f82      0x374 C:/microchip/xc32/bin/bin/../../lib/gcc/pic32c/13.2.1/../../../../pic32c/lib/thumb/v8-m.base/nofp\libc-musl.a(__pop_int.o)
 .debug_loc     0x000072f6      0x1a1 C:/microchip/xc32/bin/bin/../../lib/gcc/pic32c/13.2.1/../../../../pic32c/lib/thumb/v8-m.base/nofp\libc-musl.a(__pop_ptr.o)
 .debug_loc     0x00007497      0x68c C:/microchip/xc32/bin/bin/../../lib/gcc/pic32c/13.2.1/../../../../pic32c/lib/thumb/v8-m.base/nofp\libc-musl.a(__printf_core.o)
 .debug_loc     0x00007b23       0xbc C:/microchip/xc32/bin/bin/../../lib/gcc/pic32c/13.2.1/../../../../pic32c/lib/thumb/v8-m.base/nofp\libc-musl.a(atoi.o)
 .debug_loc     0x00007bdf       0xa1 C:/microchip/xc32/bin/bin/../../lib/gcc/pic32c/13.2.1/../../../../pic32c/lib/thumb/v8-m.base/nofp\libc-musl.a(tolower.o)
 .debug_loc     0x00007c80       0x98 C:/microchip/xc32/bin/bin/../../lib/gcc/pic32c/13.2.1/../../../../pic32c/lib/thumb/v8-m.base/nofp\libc-musl.a(__int_vsprintf.o)
 .debug_loc     0x00007d18      0x1d9 C:/microchip/xc32/bin/bin/../../lib/gcc/pic32c/13.2.1/../../../../pic32c/lib/thumb/v8-m.base/nofp\libc-musl.a(__cvt_u.o)
 .debug_loc     0x00007ef1      0x10c C:/microchip/xc32/bin/bin/../../lib/gcc/pic32c/13.2.1/../../../../pic32c/lib/thumb/v8-m.base/nofp\libc-musl.a(__int_vsnprintf.o)
 .debug_loc     0x00007ffd       0xbc C:/microchip/xc32/bin/bin/../../lib/gcc/pic32c/13.2.1/../../../../pic32c/lib/thumb/v8-m.base/nofp\libc-musl.a(__int_vfprintf.o)
 .debug_loc     0x000080b9       0xe5 C:/microchip/xc32/bin/bin/../../lib/gcc/pic32c/13.2.1/../../../../pic32c/lib/thumb/v8-m.base/nofp\libc-size-musl.a(memset.o)
 .debug_loc     0x0000819e       0x7a C:/microchip/xc32/bin/bin/../../lib/gcc/pic32c/13.2.1/../../../../pic32c/lib/thumb/v8-m.base/nofp\libc-size-musl.a(strcpy.o)
 .debug_loc     0x00008218       0xb5 C:/microchip/xc32/bin/bin/../../lib/gcc/pic32c/13.2.1/../../../../pic32c/lib/thumb/v8-m.base/nofp\libc-size-musl.a(stpcpy.o)
 .debug_loc     0x000082cd      0xd4e C:/microchip/xc32/bin/bin/../../lib/gcc/pic32c/13.2.1/thumb/v8-m.base/nofp\libgcc.a(_udivmoddi4.o)
 .debug_loc     0x0000901b       0xf7 C:/microchip/xc32/bin/bin/../../lib/gcc/pic32c/13.2.1/../../../../pic32c/lib/thumb/v8-m.base/nofp\libpic32c.a(pic32_data_init_clear.o)
 .debug_loc     0x00009112      0x197 C:/microchip/xc32/bin/bin/../../lib/gcc/pic32c/13.2.1/../../../../pic32c/lib/thumb/v8-m.base/nofp\libpic32c.a(pic32_data_init_copy.o)

.debug_aranges  0x00000000      0x8b0
 .debug_aranges
                0x00000000       0x20 build/default/production/_ext/1984496892/plib_clock.o
 .debug_aranges
                0x00000020       0x20 build/default/production/_ext/1986646378/plib_evsys.o
 .debug_aranges
                0x00000040       0x48 build/default/production/_ext/1865468468/plib_nvic.o
 .debug_aranges
                0x00000088       0xb0 build/default/production/_ext/1593096446/plib_nvmctrl.o
 .debug_aranges
                0x00000138       0x40 build/default/production/_ext/829342769/plib_pm.o
 .debug_aranges
                0x00000178       0x70 build/default/production/_ext/1865521619/plib_port.o
 .debug_aranges
                0x000001e8       0x60 build/default/production/_ext/17022449/plib_sercom1_spi_master.o
 .debug_aranges
                0x00000248       0x20 build/default/production/_ext/1171490990/interrupts.o
 .debug_aranges
                0x00000268       0x38 build/default/production/_ext/1171490990/initialization.o
 .debug_aranges
                0x000002a0       0x48 build/default/production/_ext/1171490990/exceptions.o
 .debug_aranges
                0x000002e8       0x28 build/default/production/_ext/1171490990/startup_xc32.o
 .debug_aranges
                0x00000310       0x20 build/default/production/_ext/1903470166/nonsecure_entry.o
 .debug_aranges
                0x00000330       0xe0 build/default/production/_ext/1360937237/main.o
 .debug_aranges
                0x00000410       0x80 build/default/production/_ext/60163342/plib_adc.o
 .debug_aranges
                0x00000490       0x30 C:/microchip/xc32/bin/bin/../../lib/gcc/pic32c/13.2.1/../../../../pic32c/lib/thumb/v8-m.base/nofp\libpic32c.a(data_init.o)
 .debug_aranges
                0x000004c0       0x20 C:/microchip/xc32/bin/bin/../../lib/gcc/pic32c/13.2.1/../../../../pic32c/lib/thumb/v8-m.base/nofp\libc-size-musl.a(memcpy.o)
 .debug_aranges
                0x000004e0       0x20 C:/microchip/xc32/bin/bin/../../lib/gcc/pic32c/13.2.1/../../../../pic32c/lib/thumb/v8-m.base/nofp\libc-size-musl.a(strlen.o)
 .debug_aranges
                0x00000500       0x28 C:/microchip/xc32/bin/bin/../../lib/gcc/pic32c/13.2.1/../../../../pic32c/lib/thumb/v8-m.base/nofp\libc-musl.a(__libc_start_main.o)
 .debug_aranges
                0x00000528       0x18 C:/microchip/xc32/bin/bin/../../lib/gcc/pic32c/13.2.1/../../../../pic32c/lib/thumb/v8-m.base/nofp\libc-musl.a(libc.o)
 .debug_aranges
                0x00000540       0x28 C:/microchip/xc32/bin/bin/../../lib/gcc/pic32c/13.2.1/../../../../pic32c/lib/thumb/v8-m.base/nofp\libc-musl.a(__sio_sprintf_deEfFgGnu.o)
 .debug_aranges
                0x00000568       0x20 C:/microchip/xc32/bin/bin/../../lib/gcc/pic32c/13.2.1/../../../../pic32c/lib/thumb/v8-m.base/nofp\libc-musl.a(__fmt_d.o)
 .debug_aranges
                0x00000588       0x20 C:/microchip/xc32/bin/bin/../../lib/gcc/pic32c/13.2.1/../../../../pic32c/lib/thumb/v8-m.base/nofp\libc-musl.a(__fmt_fp.o)
 .debug_aranges
                0x000005a8       0x20 C:/microchip/xc32/bin/bin/../../lib/gcc/pic32c/13.2.1/../../../../pic32c/lib/thumb/v8-m.base/nofp\libc-musl.a(__fmt_u.o)
 .debug_aranges
                0x000005c8       0x20 C:/microchip/xc32/bin/bin/../../lib/gcc/pic32c/13.2.1/../../../../pic32c/lib/thumb/v8-m.base/nofp\libc-musl.a(__pop_float.o)
 .debug_aranges
                0x000005e8       0x20 C:/microchip/xc32/bin/bin/../../lib/gcc/pic32c/13.2.1/../../../../pic32c/lib/thumb/v8-m.base/nofp\libc-musl.a(__pop_int.o)
 .debug_aranges
                0x00000608       0x20 C:/microchip/xc32/bin/bin/../../lib/gcc/pic32c/13.2.1/../../../../pic32c/lib/thumb/v8-m.base/nofp\libc-musl.a(__pop_ptr.o)
 .debug_aranges
                0x00000628       0x50 C:/microchip/xc32/bin/bin/../../lib/gcc/pic32c/13.2.1/../../../../pic32c/lib/thumb/v8-m.base/nofp\libc-musl.a(__printf_core.o)
 .debug_aranges
                0x00000678       0x20 C:/microchip/xc32/bin/bin/../../lib/gcc/pic32c/13.2.1/../../../../pic32c/lib/thumb/v8-m.base/nofp\libc-musl.a(atoi.o)
 .debug_aranges
                0x00000698       0x28 C:/microchip/xc32/bin/bin/../../lib/gcc/pic32c/13.2.1/../../../../pic32c/lib/thumb/v8-m.base/nofp\libc-musl.a(tolower.o)
 .debug_aranges
                0x000006c0       0x18 C:/microchip/xc32/bin/bin/../../lib/gcc/pic32c/13.2.1/../../../../pic32c/lib/thumb/v8-m.base/nofp\libc-musl.a(__environ.o)
 .debug_aranges
                0x000006d8       0x18 C:/microchip/xc32/bin/bin/../../lib/gcc/pic32c/13.2.1/../../../../pic32c/lib/thumb/v8-m.base/nofp\libc-musl.a(__errno_location.o)
 .debug_aranges
                0x000006f0       0x20 C:/microchip/xc32/bin/bin/../../lib/gcc/pic32c/13.2.1/../../../../pic32c/lib/thumb/v8-m.base/nofp\libc-musl.a(__int_vsprintf.o)
 .debug_aranges
                0x00000710       0x20 C:/microchip/xc32/bin/bin/../../lib/gcc/pic32c/13.2.1/../../../../pic32c/lib/thumb/v8-m.base/nofp\libc-musl.a(__cvt_u.o)
 .debug_aranges
                0x00000730       0x20 C:/microchip/xc32/bin/bin/../../lib/gcc/pic32c/13.2.1/../../../../pic32c/lib/thumb/v8-m.base/nofp\libc-musl.a(__int_vsnprintf.o)
 .debug_aranges
                0x00000750       0x20 C:/microchip/xc32/bin/bin/../../lib/gcc/pic32c/13.2.1/../../../../pic32c/lib/thumb/v8-m.base/nofp\libc-musl.a(__int_vfprintf.o)
 .debug_aranges
                0x00000770       0x20 C:/microchip/xc32/bin/bin/../../lib/gcc/pic32c/13.2.1/../../../../pic32c/lib/thumb/v8-m.base/nofp\libc-size-musl.a(memset.o)
 .debug_aranges
                0x00000790       0x20 C:/microchip/xc32/bin/bin/../../lib/gcc/pic32c/13.2.1/../../../../pic32c/lib/thumb/v8-m.base/nofp\libc-size-musl.a(strcpy.o)
 .debug_aranges
                0x000007b0       0x20 C:/microchip/xc32/bin/bin/../../lib/gcc/pic32c/13.2.1/../../../../pic32c/lib/thumb/v8-m.base/nofp\libc-size-musl.a(stpcpy.o)
 .debug_aranges
                0x000007d0       0x20 C:/microchip/xc32/bin/bin/../../lib/gcc/pic32c/13.2.1/thumb/v8-m.base/nofp\libgcc.a(_thumb1_case_uqi.o)
 .debug_aranges
                0x000007f0       0x20 C:/microchip/xc32/bin/bin/../../lib/gcc/pic32c/13.2.1/thumb/v8-m.base/nofp\libgcc.a(_aeabi_uldivmod.o)
 .debug_aranges
                0x00000810       0x20 C:/microchip/xc32/bin/bin/../../lib/gcc/pic32c/13.2.1/thumb/v8-m.base/nofp\libgcc.a(_udivmoddi4.o)
 .debug_aranges
                0x00000830       0x20 C:/microchip/xc32/bin/bin/../../lib/gcc/pic32c/13.2.1/thumb/v8-m.base/nofp\libgcc.a(_dvmd_tls.o)
 .debug_aranges
                0x00000850       0x20 C:/microchip/xc32/bin/bin/../../lib/gcc/pic32c/13.2.1/thumb/v8-m.base/nofp\libgcc.a(_clzsi2.o)
 .debug_aranges
                0x00000870       0x20 C:/microchip/xc32/bin/bin/../../lib/gcc/pic32c/13.2.1/../../../../pic32c/lib/thumb/v8-m.base/nofp\libpic32c.a(pic32_data_init_clear.o)
 .debug_aranges
                0x00000890       0x20 C:/microchip/xc32/bin/bin/../../lib/gcc/pic32c/13.2.1/../../../../pic32c/lib/thumb/v8-m.base/nofp\libpic32c.a(pic32_data_init_copy.o)

.debug_ranges   0x00000000      0xca8
 .debug_ranges  0x00000000       0x10 build/default/production/_ext/1984496892/plib_clock.o
 .debug_ranges  0x00000010       0x10 build/default/production/_ext/1986646378/plib_evsys.o
 .debug_ranges  0x00000020       0x50 build/default/production/_ext/1865468468/plib_nvic.o
 .debug_ranges  0x00000070       0xa0 build/default/production/_ext/1593096446/plib_nvmctrl.o
 .debug_ranges  0x00000110       0x30 build/default/production/_ext/829342769/plib_pm.o
 .debug_ranges  0x00000140       0x60 build/default/production/_ext/1865521619/plib_port.o
 .debug_ranges  0x000001a0       0x68 build/default/production/_ext/17022449/plib_sercom1_spi_master.o
 .debug_ranges  0x00000208       0x10 build/default/production/_ext/1171490990/interrupts.o
 .debug_ranges  0x00000218       0x28 build/default/production/_ext/1171490990/initialization.o
 .debug_ranges  0x00000240       0x38 build/default/production/_ext/1171490990/exceptions.o
 .debug_ranges  0x00000278       0x18 build/default/production/_ext/1171490990/startup_xc32.o
 .debug_ranges  0x00000290       0x10 build/default/production/_ext/1903470166/nonsecure_entry.o
 .debug_ranges  0x000002a0      0x698 build/default/production/_ext/1360937237/main.o
 .debug_ranges  0x00000938       0x70 build/default/production/_ext/60163342/plib_adc.o
 .debug_ranges  0x000009a8       0x20 C:/microchip/xc32/bin/bin/../../lib/gcc/pic32c/13.2.1/../../../../pic32c/lib/thumb/v8-m.base/nofp\libpic32c.a(data_init.o)
 .debug_ranges  0x000009c8       0x10 C:/microchip/xc32/bin/bin/../../lib/gcc/pic32c/13.2.1/../../../../pic32c/lib/thumb/v8-m.base/nofp\libc-size-musl.a(memcpy.o)
 .debug_ranges  0x000009d8       0x10 C:/microchip/xc32/bin/bin/../../lib/gcc/pic32c/13.2.1/../../../../pic32c/lib/thumb/v8-m.base/nofp\libc-size-musl.a(strlen.o)
 .debug_ranges  0x000009e8       0x38 C:/microchip/xc32/bin/bin/../../lib/gcc/pic32c/13.2.1/../../../../pic32c/lib/thumb/v8-m.base/nofp\libc-musl.a(__libc_start_main.o)
 .debug_ranges  0x00000a20       0x18 C:/microchip/xc32/bin/bin/../../lib/gcc/pic32c/13.2.1/../../../../pic32c/lib/thumb/v8-m.base/nofp\libc-musl.a(__sio_sprintf_deEfFgGnu.o)
 .debug_ranges  0x00000a38       0x10 C:/microchip/xc32/bin/bin/../../lib/gcc/pic32c/13.2.1/../../../../pic32c/lib/thumb/v8-m.base/nofp\libc-musl.a(__fmt_d.o)
 .debug_ranges  0x00000a48       0x10 C:/microchip/xc32/bin/bin/../../lib/gcc/pic32c/13.2.1/../../../../pic32c/lib/thumb/v8-m.base/nofp\libc-musl.a(__fmt_fp.o)
 .debug_ranges  0x00000a58       0x10 C:/microchip/xc32/bin/bin/../../lib/gcc/pic32c/13.2.1/../../../../pic32c/lib/thumb/v8-m.base/nofp\libc-musl.a(__fmt_u.o)
 .debug_ranges  0x00000a68       0x10 C:/microchip/xc32/bin/bin/../../lib/gcc/pic32c/13.2.1/../../../../pic32c/lib/thumb/v8-m.base/nofp\libc-musl.a(__pop_float.o)
 .debug_ranges  0x00000a78       0x10 C:/microchip/xc32/bin/bin/../../lib/gcc/pic32c/13.2.1/../../../../pic32c/lib/thumb/v8-m.base/nofp\libc-musl.a(__pop_int.o)
 .debug_ranges  0x00000a88       0x10 C:/microchip/xc32/bin/bin/../../lib/gcc/pic32c/13.2.1/../../../../pic32c/lib/thumb/v8-m.base/nofp\libc-musl.a(__pop_ptr.o)
 .debug_ranges  0x00000a98       0x58 C:/microchip/xc32/bin/bin/../../lib/gcc/pic32c/13.2.1/../../../../pic32c/lib/thumb/v8-m.base/nofp\libc-musl.a(__printf_core.o)
 .debug_ranges  0x00000af0       0x10 C:/microchip/xc32/bin/bin/../../lib/gcc/pic32c/13.2.1/../../../../pic32c/lib/thumb/v8-m.base/nofp\libc-musl.a(atoi.o)
 .debug_ranges  0x00000b00       0x18 C:/microchip/xc32/bin/bin/../../lib/gcc/pic32c/13.2.1/../../../../pic32c/lib/thumb/v8-m.base/nofp\libc-musl.a(tolower.o)
 .debug_ranges  0x00000b18       0x10 C:/microchip/xc32/bin/bin/../../lib/gcc/pic32c/13.2.1/../../../../pic32c/lib/thumb/v8-m.base/nofp\libc-musl.a(__int_vsprintf.o)
 .debug_ranges  0x00000b28       0x10 C:/microchip/xc32/bin/bin/../../lib/gcc/pic32c/13.2.1/../../../../pic32c/lib/thumb/v8-m.base/nofp\libc-musl.a(__cvt_u.o)
 .debug_ranges  0x00000b38       0x10 C:/microchip/xc32/bin/bin/../../lib/gcc/pic32c/13.2.1/../../../../pic32c/lib/thumb/v8-m.base/nofp\libc-musl.a(__int_vsnprintf.o)
 .debug_ranges  0x00000b48       0x10 C:/microchip/xc32/bin/bin/../../lib/gcc/pic32c/13.2.1/../../../../pic32c/lib/thumb/v8-m.base/nofp\libc-musl.a(__int_vfprintf.o)
 .debug_ranges  0x00000b58       0x10 C:/microchip/xc32/bin/bin/../../lib/gcc/pic32c/13.2.1/../../../../pic32c/lib/thumb/v8-m.base/nofp\libc-size-musl.a(memset.o)
 .debug_ranges  0x00000b68       0x10 C:/microchip/xc32/bin/bin/../../lib/gcc/pic32c/13.2.1/../../../../pic32c/lib/thumb/v8-m.base/nofp\libc-size-musl.a(strcpy.o)
 .debug_ranges  0x00000b78       0x10 C:/microchip/xc32/bin/bin/../../lib/gcc/pic32c/13.2.1/../../../../pic32c/lib/thumb/v8-m.base/nofp\libc-size-musl.a(stpcpy.o)
 .debug_ranges  0x00000b88      0x100 C:/microchip/xc32/bin/bin/../../lib/gcc/pic32c/13.2.1/thumb/v8-m.base/nofp\libgcc.a(_udivmoddi4.o)
 .debug_ranges  0x00000c88       0x10 C:/microchip/xc32/bin/bin/../../lib/gcc/pic32c/13.2.1/../../../../pic32c/lib/thumb/v8-m.base/nofp\libpic32c.a(pic32_data_init_clear.o)
 .debug_ranges  0x00000c98       0x10 C:/microchip/xc32/bin/bin/../../lib/gcc/pic32c/13.2.1/../../../../pic32c/lib/thumb/v8-m.base/nofp\libpic32c.a(pic32_data_init_copy.o)

.debug_line     0x00000000     0x84b2
 .debug_line    0x00000000      0x2c8 build/default/production/_ext/1984496892/plib_clock.o
 .debug_line    0x000002c8       0x66 build/default/production/_ext/1986646378/plib_evsys.o
 .debug_line    0x0000032e      0x479 build/default/production/_ext/1865468468/plib_nvic.o
 .debug_line    0x000007a7      0x506 build/default/production/_ext/1593096446/plib_nvmctrl.o
 .debug_line    0x00000cad      0x2ae build/default/production/_ext/829342769/plib_pm.o
 .debug_line    0x00000f5b      0x317 build/default/production/_ext/1865521619/plib_port.o
 .debug_line    0x00001272      0x892 build/default/production/_ext/17022449/plib_sercom1_spi_master.o
 .debug_line    0x00001b04       0xb9 build/default/production/_ext/1171490990/interrupts.o
 .debug_line    0x00001bbd      0x52b build/default/production/_ext/1171490990/initialization.o
 .debug_line    0x000020e8       0xd8 build/default/production/_ext/1171490990/exceptions.o
 .debug_line    0x000021c0      0x132 build/default/production/_ext/1171490990/startup_xc32.o
 .debug_line    0x000022f2       0x5f build/default/production/_ext/1903470166/nonsecure_entry.o
 .debug_line    0x00002351     0x238e build/default/production/_ext/1360937237/main.o
 .debug_line    0x000046df      0x469 build/default/production/_ext/60163342/plib_adc.o
 .debug_line    0x00004b48      0x165 C:/microchip/xc32/bin/bin/../../lib/gcc/pic32c/13.2.1/../../../../pic32c/lib/thumb/v8-m.base/nofp\libpic32c.a(data_init.o)
 .debug_line    0x00004cad      0x16c C:/microchip/xc32/bin/bin/../../lib/gcc/pic32c/13.2.1/../../../../pic32c/lib/thumb/v8-m.base/nofp\libc-size-musl.a(memcpy.o)
 .debug_line    0x00004e19      0x16c C:/microchip/xc32/bin/bin/../../lib/gcc/pic32c/13.2.1/../../../../pic32c/lib/thumb/v8-m.base/nofp\libc-size-musl.a(strlen.o)
 .debug_line    0x00004f85      0x1ce C:/microchip/xc32/bin/bin/../../lib/gcc/pic32c/13.2.1/../../../../pic32c/lib/thumb/v8-m.base/nofp\libc-musl.a(__libc_start_main.o)
 .debug_line    0x00005153       0xb5 C:/microchip/xc32/bin/bin/../../lib/gcc/pic32c/13.2.1/../../../../pic32c/lib/thumb/v8-m.base/nofp\libc-musl.a(libc.o)
 .debug_line    0x00005208      0x1aa C:/microchip/xc32/bin/bin/../../lib/gcc/pic32c/13.2.1/../../../../pic32c/lib/thumb/v8-m.base/nofp\libc-musl.a(__sio_sprintf_deEfFgGnu.o)
 .debug_line    0x000053b2      0x234 C:/microchip/xc32/bin/bin/../../lib/gcc/pic32c/13.2.1/../../../../pic32c/lib/thumb/v8-m.base/nofp\libc-musl.a(__fmt_d.o)
 .debug_line    0x000055e6      0x787 C:/microchip/xc32/bin/bin/../../lib/gcc/pic32c/13.2.1/../../../../pic32c/lib/thumb/v8-m.base/nofp\libc-musl.a(__fmt_fp.o)
 .debug_line    0x00005d6d      0x18a C:/microchip/xc32/bin/bin/../../lib/gcc/pic32c/13.2.1/../../../../pic32c/lib/thumb/v8-m.base/nofp\libc-musl.a(__fmt_u.o)
 .debug_line    0x00005ef7      0x180 C:/microchip/xc32/bin/bin/../../lib/gcc/pic32c/13.2.1/../../../../pic32c/lib/thumb/v8-m.base/nofp\libc-musl.a(__pop_float.o)
 .debug_line    0x00006077      0x247 C:/microchip/xc32/bin/bin/../../lib/gcc/pic32c/13.2.1/../../../../pic32c/lib/thumb/v8-m.base/nofp\libc-musl.a(__pop_int.o)
 .debug_line    0x000062be      0x1c7 C:/microchip/xc32/bin/bin/../../lib/gcc/pic32c/13.2.1/../../../../pic32c/lib/thumb/v8-m.base/nofp\libc-musl.a(__pop_ptr.o)
 .debug_line    0x00006485      0x772 C:/microchip/xc32/bin/bin/../../lib/gcc/pic32c/13.2.1/../../../../pic32c/lib/thumb/v8-m.base/nofp\libc-musl.a(__printf_core.o)
 .debug_line    0x00006bf7      0x186 C:/microchip/xc32/bin/bin/../../lib/gcc/pic32c/13.2.1/../../../../pic32c/lib/thumb/v8-m.base/nofp\libc-musl.a(atoi.o)
 .debug_line    0x00006d7d      0x164 C:/microchip/xc32/bin/bin/../../lib/gcc/pic32c/13.2.1/../../../../pic32c/lib/thumb/v8-m.base/nofp\libc-musl.a(tolower.o)
 .debug_line    0x00006ee1       0xfb C:/microchip/xc32/bin/bin/../../lib/gcc/pic32c/13.2.1/../../../../pic32c/lib/thumb/v8-m.base/nofp\libc-musl.a(__environ.o)
 .debug_line    0x00006fdc       0x9a C:/microchip/xc32/bin/bin/../../lib/gcc/pic32c/13.2.1/../../../../pic32c/lib/thumb/v8-m.base/nofp\libc-musl.a(__errno_location.o)
 .debug_line    0x00007076      0x153 C:/microchip/xc32/bin/bin/../../lib/gcc/pic32c/13.2.1/../../../../pic32c/lib/thumb/v8-m.base/nofp\libc-musl.a(__int_vsprintf.o)
 .debug_line    0x000071c9      0x1e7 C:/microchip/xc32/bin/bin/../../lib/gcc/pic32c/13.2.1/../../../../pic32c/lib/thumb/v8-m.base/nofp\libc-musl.a(__cvt_u.o)
 .debug_line    0x000073b0      0x1d4 C:/microchip/xc32/bin/bin/../../lib/gcc/pic32c/13.2.1/../../../../pic32c/lib/thumb/v8-m.base/nofp\libc-musl.a(__int_vsnprintf.o)
 .debug_line    0x00007584      0x17a C:/microchip/xc32/bin/bin/../../lib/gcc/pic32c/13.2.1/../../../../pic32c/lib/thumb/v8-m.base/nofp\libc-musl.a(__int_vfprintf.o)
 .debug_line    0x000076fe      0x160 C:/microchip/xc32/bin/bin/../../lib/gcc/pic32c/13.2.1/../../../../pic32c/lib/thumb/v8-m.base/nofp\libc-size-musl.a(memset.o)
 .debug_line    0x0000785e       0xb2 C:/microchip/xc32/bin/bin/../../lib/gcc/pic32c/13.2.1/../../../../pic32c/lib/thumb/v8-m.base/nofp\libc-size-musl.a(strcpy.o)
 .debug_line    0x00007910      0x153 C:/microchip/xc32/bin/bin/../../lib/gcc/pic32c/13.2.1/../../../../pic32c/lib/thumb/v8-m.base/nofp\libc-size-musl.a(stpcpy.o)
 .debug_line    0x00007a63       0x8d C:/microchip/xc32/bin/bin/../../lib/gcc/pic32c/13.2.1/thumb/v8-m.base/nofp\libgcc.a(_thumb1_case_uqi.o)
 .debug_line    0x00007af0       0x90 C:/microchip/xc32/bin/bin/../../lib/gcc/pic32c/13.2.1/thumb/v8-m.base/nofp\libgcc.a(_aeabi_uldivmod.o)
 .debug_line    0x00007b80      0x5c0 C:/microchip/xc32/bin/bin/../../lib/gcc/pic32c/13.2.1/thumb/v8-m.base/nofp\libgcc.a(_udivmoddi4.o)
 .debug_line    0x00008140       0x85 C:/microchip/xc32/bin/bin/../../lib/gcc/pic32c/13.2.1/thumb/v8-m.base/nofp\libgcc.a(_dvmd_tls.o)
 .debug_line    0x000081c5       0x99 C:/microchip/xc32/bin/bin/../../lib/gcc/pic32c/13.2.1/thumb/v8-m.base/nofp\libgcc.a(_clzsi2.o)
 .debug_line    0x0000825e      0x11e C:/microchip/xc32/bin/bin/../../lib/gcc/pic32c/13.2.1/../../../../pic32c/lib/thumb/v8-m.base/nofp\libpic32c.a(pic32_data_init_clear.o)
 .debug_line    0x0000837c      0x136 C:/microchip/xc32/bin/bin/../../lib/gcc/pic32c/13.2.1/../../../../pic32c/lib/thumb/v8-m.base/nofp\libpic32c.a(pic32_data_init_copy.o)

.debug_str      0x00000000     0x4e89
 .debug_str     0x00000000     0x4e89 build/default/production/_ext/1984496892/plib_clock.o
                                0x71a (size before relaxing)
 .debug_str     0x00004e89      0x2fe build/default/production/_ext/1986646378/plib_evsys.o
 .debug_str     0x00004e89      0x949 build/default/production/_ext/1865468468/plib_nvic.o
 .debug_str     0x00004e89      0x784 build/default/production/_ext/1593096446/plib_nvmctrl.o
 .debug_str     0x00004e89      0x401 build/default/production/_ext/829342769/plib_pm.o
 .debug_str     0x00004e89      0x80a build/default/production/_ext/1865521619/plib_port.o
 .debug_str     0x00004e89      0x8a3 build/default/production/_ext/17022449/plib_sercom1_spi_master.o
 .debug_str     0x00004e89      0xa29 build/default/production/_ext/1171490990/interrupts.o
 .debug_str     0x00004e89      0x8c8 build/default/production/_ext/1171490990/initialization.o
 .debug_str     0x00004e89      0x35d build/default/production/_ext/1171490990/exceptions.o
 .debug_str     0x00004e89      0x37c build/default/production/_ext/1171490990/startup_xc32.o
 .debug_str     0x00004e89      0x26f build/default/production/_ext/1903470166/nonsecure_entry.o
 .debug_str     0x00004e89      0xd8d build/default/production/_ext/1360937237/main.o
 .debug_str     0x00004e89      0x8d1 build/default/production/_ext/60163342/plib_adc.o
 .debug_str     0x00004e89      0x2f8 C:/microchip/xc32/bin/bin/../../lib/gcc/pic32c/13.2.1/../../../../pic32c/lib/thumb/v8-m.base/nofp\libpic32c.a(data_init.o)
 .debug_str     0x00004e89      0x241 C:/microchip/xc32/bin/bin/../../lib/gcc/pic32c/13.2.1/../../../../pic32c/lib/thumb/v8-m.base/nofp\libc-size-musl.a(memcpy.o)
 .debug_str     0x00004e89      0x24a C:/microchip/xc32/bin/bin/../../lib/gcc/pic32c/13.2.1/../../../../pic32c/lib/thumb/v8-m.base/nofp\libc-size-musl.a(strlen.o)
 .debug_str     0x00004e89      0x3e6 C:/microchip/xc32/bin/bin/../../lib/gcc/pic32c/13.2.1/../../../../pic32c/lib/thumb/v8-m.base/nofp\libc-musl.a(__libc_start_main.o)
 .debug_str     0x00004e89      0x351 C:/microchip/xc32/bin/bin/../../lib/gcc/pic32c/13.2.1/../../../../pic32c/lib/thumb/v8-m.base/nofp\libc-musl.a(libc.o)
 .debug_str     0x00004e89      0x357 C:/microchip/xc32/bin/bin/../../lib/gcc/pic32c/13.2.1/../../../../pic32c/lib/thumb/v8-m.base/nofp\libc-musl.a(__sio_sprintf_deEfFgGnu.o)
 .debug_str     0x00004e89      0x311 C:/microchip/xc32/bin/bin/../../lib/gcc/pic32c/13.2.1/../../../../pic32c/lib/thumb/v8-m.base/nofp\libc-musl.a(__fmt_d.o)
 .debug_str     0x00004e89      0x3e0 C:/microchip/xc32/bin/bin/../../lib/gcc/pic32c/13.2.1/../../../../pic32c/lib/thumb/v8-m.base/nofp\libc-musl.a(__fmt_fp.o)
 .debug_str     0x00004e89      0x311 C:/microchip/xc32/bin/bin/../../lib/gcc/pic32c/13.2.1/../../../../pic32c/lib/thumb/v8-m.base/nofp\libc-musl.a(__fmt_u.o)
 .debug_str     0x00004e89      0x2dc C:/microchip/xc32/bin/bin/../../lib/gcc/pic32c/13.2.1/../../../../pic32c/lib/thumb/v8-m.base/nofp\libc-musl.a(__pop_float.o)
 .debug_str     0x00004e89      0x2e7 C:/microchip/xc32/bin/bin/../../lib/gcc/pic32c/13.2.1/../../../../pic32c/lib/thumb/v8-m.base/nofp\libc-musl.a(__pop_int.o)
 .debug_str     0x00004e89      0x2e9 C:/microchip/xc32/bin/bin/../../lib/gcc/pic32c/13.2.1/../../../../pic32c/lib/thumb/v8-m.base/nofp\libc-musl.a(__pop_ptr.o)
 .debug_str     0x00004e89      0x403 C:/microchip/xc32/bin/bin/../../lib/gcc/pic32c/13.2.1/../../../../pic32c/lib/thumb/v8-m.base/nofp\libc-musl.a(__printf_core.o)
 .debug_str     0x00004e89      0x238 C:/microchip/xc32/bin/bin/../../lib/gcc/pic32c/13.2.1/../../../../pic32c/lib/thumb/v8-m.base/nofp\libc-musl.a(atoi.o)
 .debug_str     0x00004e89      0x27c C:/microchip/xc32/bin/bin/../../lib/gcc/pic32c/13.2.1/../../../../pic32c/lib/thumb/v8-m.base/nofp\libc-musl.a(tolower.o)
 .debug_str     0x00004e89      0x251 C:/microchip/xc32/bin/bin/../../lib/gcc/pic32c/13.2.1/../../../../pic32c/lib/thumb/v8-m.base/nofp\libc-musl.a(__environ.o)
 .debug_str     0x00004e89      0x245 C:/microchip/xc32/bin/bin/../../lib/gcc/pic32c/13.2.1/../../../../pic32c/lib/thumb/v8-m.base/nofp\libc-musl.a(__errno_location.o)
 .debug_str     0x00004e89      0x2d8 C:/microchip/xc32/bin/bin/../../lib/gcc/pic32c/13.2.1/../../../../pic32c/lib/thumb/v8-m.base/nofp\libc-musl.a(__int_vsprintf.o)
 .debug_str     0x00004e89      0x2de C:/microchip/xc32/bin/bin/../../lib/gcc/pic32c/13.2.1/../../../../pic32c/lib/thumb/v8-m.base/nofp\libc-musl.a(__cvt_u.o)
 .debug_str     0x00004e89      0x31f C:/microchip/xc32/bin/bin/../../lib/gcc/pic32c/13.2.1/../../../../pic32c/lib/thumb/v8-m.base/nofp\libc-musl.a(__int_vsnprintf.o)
 .debug_str     0x00004e89      0x305 C:/microchip/xc32/bin/bin/../../lib/gcc/pic32c/13.2.1/../../../../pic32c/lib/thumb/v8-m.base/nofp\libc-musl.a(__int_vfprintf.o)
 .debug_str     0x00004e89      0x244 C:/microchip/xc32/bin/bin/../../lib/gcc/pic32c/13.2.1/../../../../pic32c/lib/thumb/v8-m.base/nofp\libc-size-musl.a(memset.o)
 .debug_str     0x00004e89      0x240 C:/microchip/xc32/bin/bin/../../lib/gcc/pic32c/13.2.1/../../../../pic32c/lib/thumb/v8-m.base/nofp\libc-size-musl.a(strcpy.o)
 .debug_str     0x00004e89      0x254 C:/microchip/xc32/bin/bin/../../lib/gcc/pic32c/13.2.1/../../../../pic32c/lib/thumb/v8-m.base/nofp\libc-size-musl.a(stpcpy.o)
 .debug_str     0x00004e89       0xe8 C:/microchip/xc32/bin/bin/../../lib/gcc/pic32c/13.2.1/thumb/v8-m.base/nofp\libgcc.a(_thumb1_case_uqi.o)
 .debug_str     0x00004e89       0xe3 C:/microchip/xc32/bin/bin/../../lib/gcc/pic32c/13.2.1/thumb/v8-m.base/nofp\libgcc.a(_aeabi_uldivmod.o)
 .debug_str     0x00004e89      0x743 C:/microchip/xc32/bin/bin/../../lib/gcc/pic32c/13.2.1/thumb/v8-m.base/nofp\libgcc.a(_udivmoddi4.o)
 .debug_str     0x00004e89       0xee C:/microchip/xc32/bin/bin/../../lib/gcc/pic32c/13.2.1/thumb/v8-m.base/nofp\libgcc.a(_dvmd_tls.o)
 .debug_str     0x00004e89       0xdb C:/microchip/xc32/bin/bin/../../lib/gcc/pic32c/13.2.1/thumb/v8-m.base/nofp\libgcc.a(_clzsi2.o)
 .debug_str     0x00004e89      0x289 C:/microchip/xc32/bin/bin/../../lib/gcc/pic32c/13.2.1/../../../../pic32c/lib/thumb/v8-m.base/nofp\libpic32c.a(pic32_data_init_clear.o)
 .debug_str     0x00004e89      0x290 C:/microchip/xc32/bin/bin/../../lib/gcc/pic32c/13.2.1/../../../../pic32c/lib/thumb/v8-m.base/nofp\libpic32c.a(pic32_data_init_copy.o)

.debug_frame    0x00000000      0xe64
 .debug_frame   0x00000000       0x20 build/default/production/_ext/1984496892/plib_clock.o
 .debug_frame   0x00000020       0x20 build/default/production/_ext/1986646378/plib_evsys.o
 .debug_frame   0x00000040       0x7c build/default/production/_ext/1865468468/plib_nvic.o
 .debug_frame   0x000000bc      0x17c build/default/production/_ext/1593096446/plib_nvmctrl.o
 .debug_frame   0x00000238       0x60 build/default/production/_ext/829342769/plib_pm.o
 .debug_frame   0x00000298       0xd8 build/default/production/_ext/1865521619/plib_port.o
 .debug_frame   0x00000370       0xd4 build/default/production/_ext/17022449/plib_sercom1_spi_master.o
 .debug_frame   0x00000444       0x20 build/default/production/_ext/1171490990/interrupts.o
 .debug_frame   0x00000464       0x60 build/default/production/_ext/1171490990/initialization.o
 .debug_frame   0x000004c4       0x70 build/default/production/_ext/1171490990/exceptions.o
 .debug_frame   0x00000534       0x38 build/default/production/_ext/1171490990/startup_xc32.o
 .debug_frame   0x0000056c       0x20 build/default/production/_ext/1903470166/nonsecure_entry.o
 .debug_frame   0x0000058c      0x330 build/default/production/_ext/1360937237/main.o
 .debug_frame   0x000008bc       0xe0 build/default/production/_ext/60163342/plib_adc.o
 .debug_frame   0x0000099c       0x48 C:/microchip/xc32/bin/bin/../../lib/gcc/pic32c/13.2.1/../../../../pic32c/lib/thumb/v8-m.base/nofp\libpic32c.a(data_init.o)
 .debug_frame   0x000009e4       0x28 C:/microchip/xc32/bin/bin/../../lib/gcc/pic32c/13.2.1/../../../../pic32c/lib/thumb/v8-m.base/nofp\libc-size-musl.a(memcpy.o)
 .debug_frame   0x00000a0c       0x20 C:/microchip/xc32/bin/bin/../../lib/gcc/pic32c/13.2.1/../../../../pic32c/lib/thumb/v8-m.base/nofp\libc-size-musl.a(strlen.o)
 .debug_frame   0x00000a2c       0x38 C:/microchip/xc32/bin/bin/../../lib/gcc/pic32c/13.2.1/../../../../pic32c/lib/thumb/v8-m.base/nofp\libc-musl.a(__libc_start_main.o)
 .debug_frame   0x00000a64       0x44 C:/microchip/xc32/bin/bin/../../lib/gcc/pic32c/13.2.1/../../../../pic32c/lib/thumb/v8-m.base/nofp\libc-musl.a(__sio_sprintf_deEfFgGnu.o)
 .debug_frame   0x00000aa8       0x30 C:/microchip/xc32/bin/bin/../../lib/gcc/pic32c/13.2.1/../../../../pic32c/lib/thumb/v8-m.base/nofp\libc-musl.a(__fmt_d.o)
 .debug_frame   0x00000ad8       0x34 C:/microchip/xc32/bin/bin/../../lib/gcc/pic32c/13.2.1/../../../../pic32c/lib/thumb/v8-m.base/nofp\libc-musl.a(__fmt_fp.o)
 .debug_frame   0x00000b0c       0x30 C:/microchip/xc32/bin/bin/../../lib/gcc/pic32c/13.2.1/../../../../pic32c/lib/thumb/v8-m.base/nofp\libc-musl.a(__fmt_u.o)
 .debug_frame   0x00000b3c       0x28 C:/microchip/xc32/bin/bin/../../lib/gcc/pic32c/13.2.1/../../../../pic32c/lib/thumb/v8-m.base/nofp\libc-musl.a(__pop_float.o)
 .debug_frame   0x00000b64       0x28 C:/microchip/xc32/bin/bin/../../lib/gcc/pic32c/13.2.1/../../../../pic32c/lib/thumb/v8-m.base/nofp\libc-musl.a(__pop_int.o)
 .debug_frame   0x00000b8c       0x28 C:/microchip/xc32/bin/bin/../../lib/gcc/pic32c/13.2.1/../../../../pic32c/lib/thumb/v8-m.base/nofp\libc-musl.a(__pop_ptr.o)
 .debug_frame   0x00000bb4       0xbc C:/microchip/xc32/bin/bin/../../lib/gcc/pic32c/13.2.1/../../../../pic32c/lib/thumb/v8-m.base/nofp\libc-musl.a(__printf_core.o)
 .debug_frame   0x00000c70       0x28 C:/microchip/xc32/bin/bin/../../lib/gcc/pic32c/13.2.1/../../../../pic32c/lib/thumb/v8-m.base/nofp\libc-musl.a(atoi.o)
 .debug_frame   0x00000c98       0x38 C:/microchip/xc32/bin/bin/../../lib/gcc/pic32c/13.2.1/../../../../pic32c/lib/thumb/v8-m.base/nofp\libc-musl.a(tolower.o)
 .debug_frame   0x00000cd0       0x28 C:/microchip/xc32/bin/bin/../../lib/gcc/pic32c/13.2.1/../../../../pic32c/lib/thumb/v8-m.base/nofp\libc-musl.a(__int_vsprintf.o)
 .debug_frame   0x00000cf8       0x34 C:/microchip/xc32/bin/bin/../../lib/gcc/pic32c/13.2.1/../../../../pic32c/lib/thumb/v8-m.base/nofp\libc-musl.a(__cvt_u.o)
 .debug_frame   0x00000d2c       0x2c C:/microchip/xc32/bin/bin/../../lib/gcc/pic32c/13.2.1/../../../../pic32c/lib/thumb/v8-m.base/nofp\libc-musl.a(__int_vsnprintf.o)
 .debug_frame   0x00000d58       0x2c C:/microchip/xc32/bin/bin/../../lib/gcc/pic32c/13.2.1/../../../../pic32c/lib/thumb/v8-m.base/nofp\libc-musl.a(__int_vfprintf.o)
 .debug_frame   0x00000d84       0x20 C:/microchip/xc32/bin/bin/../../lib/gcc/pic32c/13.2.1/../../../../pic32c/lib/thumb/v8-m.base/nofp\libc-size-musl.a(memset.o)
 .debug_frame   0x00000da4       0x28 C:/microchip/xc32/bin/bin/../../lib/gcc/pic32c/13.2.1/../../../../pic32c/lib/thumb/v8-m.base/nofp\libc-size-musl.a(strcpy.o)
 .debug_frame   0x00000dcc       0x20 C:/microchip/xc32/bin/bin/../../lib/gcc/pic32c/13.2.1/../../../../pic32c/lib/thumb/v8-m.base/nofp\libc-size-musl.a(stpcpy.o)
 .debug_frame   0x00000dec       0x30 C:/microchip/xc32/bin/bin/../../lib/gcc/pic32c/13.2.1/thumb/v8-m.base/nofp\libgcc.a(_udivmoddi4.o)
 .debug_frame   0x00000e1c       0x20 C:/microchip/xc32/bin/bin/../../lib/gcc/pic32c/13.2.1/../../../../pic32c/lib/thumb/v8-m.base/nofp\libpic32c.a(pic32_data_init_clear.o)
 .debug_frame   0x00000e3c       0x28 C:/microchip/xc32/bin/bin/../../lib/gcc/pic32c/13.2.1/../../../../pic32c/lib/thumb/v8-m.base/nofp\libpic32c.a(pic32_data_init_copy.o)

.note.GNU-stack
                0x00000000        0x0
 .note.GNU-stack
                0x00000000        0x0 C:/microchip/xc32/bin/bin/../../lib/gcc/pic32c/13.2.1/../../../../pic32c/lib/thumb/v8-m.base/nofp\libc-size-musl.a(memcpy.o)
 .note.GNU-stack
                0x00000000        0x0 C:/microchip/xc32/bin/bin/../../lib/gcc/pic32c/13.2.1/../../../../pic32c/lib/thumb/v8-m.base/nofp\libc-size-musl.a(strlen.o)
 .note.GNU-stack
                0x00000000        0x0 C:/microchip/xc32/bin/bin/../../lib/gcc/pic32c/13.2.1/../../../../pic32c/lib/thumb/v8-m.base/nofp\libc-musl.a(__libc_start_main.o)
 .note.GNU-stack
                0x00000000        0x0 C:/microchip/xc32/bin/bin/../../lib/gcc/pic32c/13.2.1/../../../../pic32c/lib/thumb/v8-m.base/nofp\libc-musl.a(libc.o)
 .note.GNU-stack
                0x00000000        0x0 C:/microchip/xc32/bin/bin/../../lib/gcc/pic32c/13.2.1/../../../../pic32c/lib/thumb/v8-m.base/nofp\libc-musl.a(__sio_sprintf_deEfFgGnu.o)
 .note.GNU-stack
                0x00000000        0x0 C:/microchip/xc32/bin/bin/../../lib/gcc/pic32c/13.2.1/../../../../pic32c/lib/thumb/v8-m.base/nofp\libc-musl.a(__fmt_d.o)
 .note.GNU-stack
                0x00000000        0x0 C:/microchip/xc32/bin/bin/../../lib/gcc/pic32c/13.2.1/../../../../pic32c/lib/thumb/v8-m.base/nofp\libc-musl.a(__fmt_fp.o)
 .note.GNU-stack
                0x00000000        0x0 C:/microchip/xc32/bin/bin/../../lib/gcc/pic32c/13.2.1/../../../../pic32c/lib/thumb/v8-m.base/nofp\libc-musl.a(__fmt_u.o)
 .note.GNU-stack
                0x00000000        0x0 C:/microchip/xc32/bin/bin/../../lib/gcc/pic32c/13.2.1/../../../../pic32c/lib/thumb/v8-m.base/nofp\libc-musl.a(__pop_float.o)
 .note.GNU-stack
                0x00000000        0x0 C:/microchip/xc32/bin/bin/../../lib/gcc/pic32c/13.2.1/../../../../pic32c/lib/thumb/v8-m.base/nofp\libc-musl.a(__pop_int.o)
 .note.GNU-stack
                0x00000000        0x0 C:/microchip/xc32/bin/bin/../../lib/gcc/pic32c/13.2.1/../../../../pic32c/lib/thumb/v8-m.base/nofp\libc-musl.a(__pop_ptr.o)
 .note.GNU-stack
                0x00000000        0x0 C:/microchip/xc32/bin/bin/../../lib/gcc/pic32c/13.2.1/../../../../pic32c/lib/thumb/v8-m.base/nofp\libc-musl.a(__printf_core.o)
 .note.GNU-stack
                0x00000000        0x0 C:/microchip/xc32/bin/bin/../../lib/gcc/pic32c/13.2.1/../../../../pic32c/lib/thumb/v8-m.base/nofp\libc-musl.a(atoi.o)
 .note.GNU-stack
                0x00000000        0x0 C:/microchip/xc32/bin/bin/../../lib/gcc/pic32c/13.2.1/../../../../pic32c/lib/thumb/v8-m.base/nofp\libc-musl.a(tolower.o)
 .note.GNU-stack
                0x00000000        0x0 C:/microchip/xc32/bin/bin/../../lib/gcc/pic32c/13.2.1/../../../../pic32c/lib/thumb/v8-m.base/nofp\libc-musl.a(__environ.o)
 .note.GNU-stack
                0x00000000        0x0 C:/microchip/xc32/bin/bin/../../lib/gcc/pic32c/13.2.1/../../../../pic32c/lib/thumb/v8-m.base/nofp\libc-musl.a(__errno_location.o)
 .note.GNU-stack
                0x00000000        0x0 C:/microchip/xc32/bin/bin/../../lib/gcc/pic32c/13.2.1/../../../../pic32c/lib/thumb/v8-m.base/nofp\libc-musl.a(__int_vsprintf.o)
 .note.GNU-stack
                0x00000000        0x0 C:/microchip/xc32/bin/bin/../../lib/gcc/pic32c/13.2.1/../../../../pic32c/lib/thumb/v8-m.base/nofp\libc-musl.a(__cvt_u.o)
 .note.GNU-stack
                0x00000000        0x0 C:/microchip/xc32/bin/bin/../../lib/gcc/pic32c/13.2.1/../../../../pic32c/lib/thumb/v8-m.base/nofp\libc-musl.a(__int_vsnprintf.o)
 .note.GNU-stack
                0x00000000        0x0 C:/microchip/xc32/bin/bin/../../lib/gcc/pic32c/13.2.1/../../../../pic32c/lib/thumb/v8-m.base/nofp\libc-musl.a(__int_vfprintf.o)
 .note.GNU-stack
                0x00000000        0x0 C:/microchip/xc32/bin/bin/../../lib/gcc/pic32c/13.2.1/../../../../pic32c/lib/thumb/v8-m.base/nofp\libc-size-musl.a(memset.o)
 .note.GNU-stack
                0x00000000        0x0 C:/microchip/xc32/bin/bin/../../lib/gcc/pic32c/13.2.1/../../../../pic32c/lib/thumb/v8-m.base/nofp\libc-size-musl.a(strcpy.o)
 .note.GNU-stack
                0x00000000        0x0 C:/microchip/xc32/bin/bin/../../lib/gcc/pic32c/13.2.1/../../../../pic32c/lib/thumb/v8-m.base/nofp\libc-size-musl.a(stpcpy.o)

.vfp11_veneer%z1

.v4_bx%z2

.iplt%z3

.rel.iplt%z4

.igot.plt%z5

.rodata.main.str1.4%1

.rodata.str1.4%2

.rodata.str1.1%3

.bss%4          0x20000000       0x50
 .bss           0x20000000       0x50 C:/microchip/xc32/bin/bin/../../lib/gcc/pic32c/13.2.1/../../../../pic32c/lib/thumb/v8-m.base/nofp\libc-musl.a(libc.o)
                0x20000000                __progname_full
                0x20000000                program_invocation_name
                0x20000004                program_invocation_short_name
                0x20000004                __progname
                0x20000008                __sysinfo
                0x2000000c                __hwcap
                0x20000010                __libc

.bss.sercom1SPIObj%5
                0x20000050       0x2c
 .bss.sercom1SPIObj
                0x20000050       0x2c build/default/production/_ext/17022449/plib_sercom1_spi_master.o

.bss%6          0x2000007c       0x1c
 .bss           0x2000007c       0x1c C:/microchip/xc32/bin/bin/../../lib/gcc/pic32c/13.2.1/thumb/v8-m.base/nofp/crtbegin.o

.bss.baseline.0%7
                0x20000098        0x4
 .bss.baseline.0
                0x20000098        0x4 build/default/production/_ext/1360937237/main.o

.bss%8          0x2000009c        0x4
 .bss           0x2000009c        0x4 C:/microchip/xc32/bin/bin/../../lib/gcc/pic32c/13.2.1/../../../../pic32c/lib/thumb/v8-m.base/nofp\libpic32c.a(data_init.o)

.bss%9          0x200000a0        0x4
 .bss           0x200000a0        0x4 C:/microchip/xc32/bin/bin/../../lib/gcc/pic32c/13.2.1/../../../../pic32c/lib/thumb/v8-m.base/nofp\libc-musl.a(__environ.o)
                0x200000a0                __environ
                0x200000a0                environ
                0x200000a0                ___environ
                0x200000a0                _environ

.bss%10         0x200000a4        0x4
 .bss           0x200000a4        0x4 C:/microchip/xc32/bin/bin/../../lib/gcc/pic32c/13.2.1/../../../../pic32c/lib/thumb/v8-m.base/nofp\libc-musl.a(__errno_location.o)
                0x200000a4                __errno_val

.bss.isLastByteTransferInProgress.0%11
                0x200000a8        0x1
 .bss.isLastByteTransferInProgress.0
                0x200000a8        0x1 build/default/production/_ext/17022449/plib_sercom1_spi_master.o

.bss.btn_prev.5%12
                0x200000a9        0x1
 .bss.btn_prev.5
                0x200000a9        0x1 build/default/production/_ext/1360937237/main.o

.data.last_h.2%13
                0x200000ac        0x4
 .data.last_h.2
                0x200000ac        0x4 build/default/production/_ext/1360937237/main.o

.data.last_t.3%14
                0x200000b0        0x4
 .data.last_t.3
                0x200000b0        0x4 build/default/production/_ext/1360937237/main.o

.data.dht_tick.4%15
                0x200000b4        0x4
 .data.dht_tick.4
                0x200000b4        0x4 build/default/production/_ext/1360937237/main.o

.data.last_channel.1%16
                0x200000aa        0x1
 .data.last_channel.1
                0x200000aa        0x1 build/default/production/_ext/1360937237/main.o

.eh_frame%z6    0x00000000        0x0